Component: ARM Compiler 5.06 update 7 (build 960) Tool: armlink [4d3601]

==============================================================================

Section Cross References

    startup_stm32f407xx.o(STACK) refers (Special) to heapauxi.o(.text) for __use_two_region_memory
    startup_stm32f407xx.o(HEAP) refers (Special) to heapauxi.o(.text) for __use_two_region_memory
    startup_stm32f407xx.o(RESET) refers (Special) to heapauxi.o(.text) for __use_two_region_memory
    startup_stm32f407xx.o(RESET) refers to startup_stm32f407xx.o(STACK) for __initial_sp
    startup_stm32f407xx.o(RESET) refers to startup_stm32f407xx.o(.text) for Reset_Handler
    startup_stm32f407xx.o(RESET) refers to stm32f4xx_it.o(i.NMI_Handler) for NMI_Handler
    startup_stm32f407xx.o(RESET) refers to stm32f4xx_it.o(i.HardFault_Handler) for HardFault_Handler
    startup_stm32f407xx.o(RESET) refers to stm32f4xx_it.o(i.MemManage_Handler) for MemManage_Handler
    startup_stm32f407xx.o(RESET) refers to stm32f4xx_it.o(i.BusFault_Handler) for BusFault_Handler
    startup_stm32f407xx.o(RESET) refers to stm32f4xx_it.o(i.UsageFault_Handler) for UsageFault_Handler
    startup_stm32f407xx.o(RESET) refers to port.o(.emb_text) for SVC_Handler
    startup_stm32f407xx.o(RESET) refers to stm32f4xx_it.o(i.DebugMon_Handler) for DebugMon_Handler
    startup_stm32f407xx.o(RESET) refers to stm32f4xx_it.o(i.SysTick_Handler) for SysTick_Handler
    startup_stm32f407xx.o(RESET) refers to stm32f4xx_it.o(i.EXTI0_IRQHandler) for EXTI0_IRQHandler
    startup_stm32f407xx.o(RESET) refers to stm32f4xx_it.o(i.EXTI3_IRQHandler) for EXTI3_IRQHandler
    startup_stm32f407xx.o(RESET) refers to stm32f4xx_it.o(i.EXTI4_IRQHandler) for EXTI4_IRQHandler
    startup_stm32f407xx.o(RESET) refers to stm32f4xx_it.o(i.DMA1_Stream1_IRQHandler) for DMA1_Stream1_IRQHandler
    startup_stm32f407xx.o(RESET) refers to stm32f4xx_it.o(i.CAN1_TX_IRQHandler) for CAN1_TX_IRQHandler
    startup_stm32f407xx.o(RESET) refers to stm32f4xx_it.o(i.CAN1_RX0_IRQHandler) for CAN1_RX0_IRQHandler
    startup_stm32f407xx.o(RESET) refers to stm32f4xx_it.o(i.CAN1_RX1_IRQHandler) for CAN1_RX1_IRQHandler
    startup_stm32f407xx.o(RESET) refers to stm32f4xx_it.o(i.EXTI9_5_IRQHandler) for EXTI9_5_IRQHandler
    startup_stm32f407xx.o(RESET) refers to stm32f4xx_it.o(i.USART1_IRQHandler) for USART1_IRQHandler
    startup_stm32f407xx.o(RESET) refers to stm32f4xx_it.o(i.DMA2_Stream2_IRQHandler) for DMA2_Stream2_IRQHandler
    startup_stm32f407xx.o(RESET) refers to stm32f4xx_it.o(i.DMA2_Stream3_IRQHandler) for DMA2_Stream3_IRQHandler
    startup_stm32f407xx.o(RESET) refers to stm32f4xx_it.o(i.CAN2_TX_IRQHandler) for CAN2_TX_IRQHandler
    startup_stm32f407xx.o(RESET) refers to stm32f4xx_it.o(i.CAN2_RX0_IRQHandler) for CAN2_RX0_IRQHandler
    startup_stm32f407xx.o(RESET) refers to stm32f4xx_it.o(i.CAN2_RX1_IRQHandler) for CAN2_RX1_IRQHandler
    startup_stm32f407xx.o(RESET) refers to stm32f4xx_it.o(i.OTG_FS_IRQHandler) for OTG_FS_IRQHandler
    startup_stm32f407xx.o(RESET) refers to stm32f4xx_it.o(i.USART6_IRQHandler) for USART6_IRQHandler
    startup_stm32f407xx.o(.text) refers (Special) to heapauxi.o(.text) for __use_two_region_memory
    startup_stm32f407xx.o(.text) refers to system_stm32f4xx.o(i.SystemInit) for SystemInit
    startup_stm32f407xx.o(.text) refers to __main.o(!!!main) for __main
    startup_stm32f407xx.o(.text) refers to startup_stm32f407xx.o(HEAP) for Heap_Mem
    startup_stm32f407xx.o(.text) refers to startup_stm32f407xx.o(STACK) for Stack_Mem
    main.o(i.Bsp_Init) refers to stm32f4xx_hal.o(i.HAL_Init) for HAL_Init
    main.o(i.Bsp_Init) refers to main.o(i.SystemClock_Config) for SystemClock_Config
    main.o(i.Bsp_Init) refers to gpio.o(i.MX_GPIO_Init) for MX_GPIO_Init
    main.o(i.Bsp_Init) refers to dma.o(i.MX_DMA_Init) for MX_DMA_Init
    main.o(i.Bsp_Init) refers to spi.o(i.MX_SPI1_Init) for MX_SPI1_Init
    main.o(i.Bsp_Init) refers to tim.o(i.MX_TIM1_Init) for MX_TIM1_Init
    main.o(i.Bsp_Init) refers to tim.o(i.MX_TIM2_Init) for MX_TIM2_Init
    main.o(i.Bsp_Init) refers to tim.o(i.MX_TIM4_Init) for MX_TIM4_Init
    main.o(i.Bsp_Init) refers to tim.o(i.MX_TIM5_Init) for MX_TIM5_Init
    main.o(i.Bsp_Init) refers to tim.o(i.MX_TIM8_Init) for MX_TIM8_Init
    main.o(i.Bsp_Init) refers to tim.o(i.MX_TIM10_Init) for MX_TIM10_Init
    main.o(i.Bsp_Init) refers to i2c.o(i.MX_I2C2_Init) for MX_I2C2_Init
    main.o(i.Bsp_Init) refers to i2c.o(i.MX_I2C3_Init) for MX_I2C3_Init
    main.o(i.Bsp_Init) refers to can.o(i.MX_CAN1_Init) for MX_CAN1_Init
    main.o(i.Bsp_Init) refers to can.o(i.MX_CAN2_Init) for MX_CAN2_Init
    main.o(i.Bsp_Init) refers to usart.o(i.MX_USART1_UART_Init) for MX_USART1_UART_Init
    main.o(i.Bsp_Init) refers to usart.o(i.MX_USART3_UART_Init) for MX_USART3_UART_Init
    main.o(i.Bsp_Init) refers to usart.o(i.MX_USART6_UART_Init) for MX_USART6_UART_Init
    main.o(i.Bsp_Init) refers to bsp_dwt.o(i.DWT_Init) for DWT_Init
[...]
    vTaskDelayUntil                          0x0800fab1   Thumb Code   200  tasks.o(i.vTaskDelayUntil)
    vTaskInternalSetTimeOutState             0x0800fb85   Thumb Code    14  tasks.o(i.vTaskInternalSetTimeOutState)
    vTaskMissedYield                         0x0800fb9d   Thumb Code     8  tasks.o(i.vTaskMissedYield)
    vTaskPlaceOnEventList                    0x0800fba9   Thumb Code    52  tasks.o(i.vTaskPlaceOnEventList)
    vTaskPlaceOnEventListRestricted          0x0800fbe1   Thumb Code    60  tasks.o(i.vTaskPlaceOnEventListRestricted)
    vTaskStartScheduler                      0x0800fc21   Thumb Code   156  tasks.o(i.vTaskStartScheduler)
    vTaskSuspendAll                          0x0800fcd9   Thumb Code    12  tasks.o(i.vTaskSuspendAll)
    vTaskSwitchContext                       0x0800fce9   Thumb Code   118  tasks.o(i.vTaskSwitchContext)
    xPortStartScheduler                      0x0800fd75   Thumb Code   330  port.o(i.xPortStartScheduler)
    xPortSysTickHandler                      0x0800fedd   Thumb Code    46  port.o(i.xPortSysTickHandler)
    xQueueGenericCreateStatic                0x0800ff11   Thumb Code   222  queue.o(i.xQueueGenericCreateStatic)
    xQueueGenericReset                       0x0800fff1   Thumb Code   146  queue.o(i.xQueueGenericReset)
    xQueueGenericSend                        0x08010089   Thumb Code   420  queue.o(i.xQueueGenericSend)
    xQueueGenericSendFromISR                 0x08010231   Thumb Code   248  queue.o(i.xQueueGenericSendFromISR)
    xQueueReceive                            0x08010329   Thumb Code   356  queue.o(i.xQueueReceive)
    xTaskCheckForTimeOut                     0x08010491   Thumb Code   156  tasks.o(i.xTaskCheckForTimeOut)
    xTaskCreate                              0x08010539   Thumb Code   100  tasks.o(i.xTaskCreate)
    xTaskCreateStatic                        0x0801059d   Thumb Code   184  tasks.o(i.xTaskCreateStatic)
    xTaskGetSchedulerState                   0x08010655   Thumb Code    24  tasks.o(i.xTaskGetSchedulerState)
    xTaskGetTickCount                        0x08010675   Thumb Code     6  tasks.o(i.xTaskGetTickCount)
    xTaskIncrementTick                       0x08010681   Thumb Code   282  tasks.o(i.xTaskIncrementTick)
    xTaskPriorityDisinherit                  0x080107c9   Thumb Code   188  tasks.o(i.xTaskPriorityDisinherit)
    xTaskRemoveFromEventList                 0x08010891   Thumb Code   128  tasks.o(i.xTaskRemoveFromEventList)
    xTaskResumeAll                           0x08010929   Thumb Code   224  tasks.o(i.xTaskResumeAll)
    xTimerCreateTimerTask                    0x08010a2d   Thumb Code   100  timers.o(i.xTimerCreateTimerTask)
    xTimerGenericCommand                     0x08010aa5   Thumb Code   128  timers.o(i.xTimerGenericCommand)
    __aeabi_ul2f                             0x08010bbd   Thumb Code     0  ffltll_clz.o(x$fpl$ffltll)
    _ll_uto_f                                0x08010bbd   Thumb Code     6  ffltll_clz.o(x$fpl$ffltll)
    __aeabi_l2f                              0x08010bc3   Thumb Code     0  ffltll_clz.o(x$fpl$ffltll)
    _ll_sto_f                                0x08010bc3   Thumb Code    90  ffltll_clz.o(x$fpl$ffltll)
    __fpl_fnaninf                            0x08010c1d   Thumb Code   140  fnaninf.o(x$fpl$fnaninf)
    _fp_init                                 0x08010ca9   Thumb Code    10  fpinit.o(x$fpl$fpinit)
    __fplib_config_fpu_vfp                   0x08010cb1   Thumb Code     0  fpinit.o(x$fpl$fpinit)
    __fplib_config_pureend_doubles           0x08010cb1   Thumb Code     0  fpinit.o(x$fpl$fpinit)
    _frnd                                    0x08010cb5   Thumb Code    96  frnd.o(x$fpl$frnd)
    __I$use$fp                               0x08010d14   Number         0  usenofp.o(x$fpl$usenofp)
    AHBPrescTable                            0x08010d70   Data          16  system_stm32f4xx.o(.constdata)
    APBPrescTable                            0x08010d80   Data           8  system_stm32f4xx.o(.constdata)
    wCRC_Table                               0x08010d88   Data         512  algorithmofcrc.o(.constdata)
    CRC8_INIT                                0x08010f88   Data           1  algorithmofcrc.o(.constdata)
    CRC8_TAB                                 0x08010f89   Data         256  algorithmofcrc.o(.constdata)
    IMU_QuaternionEKF_F                      0x0801108c   Data         144  quaternionekf.o(.constdata)
    xb                                       0x0801111c   Data          12  ins_task.o(.constdata)
    yb                                       0x08011128   Data          12  ins_task.o(.constdata)
    zb                                       0x08011134   Data          12  ins_task.o(.constdata)
    Region$$Table$$Base                      0x08011ac0   Number         0  anon$$obj.o(Region$$Table)
    Region$$Table$$Limit                     0x08011ae0   Number         0  anon$$obj.o(Region$$Table)
    INSTaskHandle                            0x20000000   Data           4  freertos.o(.data)
    ActionTaskHandle                         0x20000004   Data           4  freertos.o(.data)
    led_RGB_flow_handle                      0x20000008   Data           4  freertos.o(.data)
    OfflineTaskHandle                        0x2000000c   Data           4  freertos.o(.data)
    GimbalTaskHandle                         0x20000010   Data           4  freertos.o(.data)
    CPUTaskHandle                            0x20000014   Data           4  freertos.o(.data)
    TestTaskHandle                           0x20000018   Data           4  freertos.o(.data)
    uwTick                                   0x20000020   Data           4  stm32f4xx_hal.o(.data)
    uwTickPrio                               0x20000024   Data           4  stm32f4xx_hal.o(.data)
    uwTickFreq                               0x20000028   Data           1  stm32f4xx_hal.o(.data)
    SystemCoreClock                          0x2000002c   Data           4  system_stm32f4xx.o(.data)
    pxCurrentTCB                             0x20000030   Data           4  tasks.o(.data)
    CYCCNT64                                 0x200000c0   Data           8  bsp_dwt.o(.data)
    CRC_INIT                                 0x200000e8   Data           2  algorithmofcrc.o(.data)
    sss                                      0x200000ea   Data           2  algorithmofcrc.o(.data)
    sizeof_float                             0x200000ec   Data           2  kalman_filter.o(.data)
    sizeof_double                            0x200000ee   Data           2  kalman_filter.o(.data)
    IMU_QuaternionEKF_P                      0x20000344   Data         144  quaternionekf.o(.data)
    USBD_CDC                                 0x20000434   Data          56  usbd_cdc.o(.data)
    USBD_Interface_fops_FS                   0x200004b4   Data          20  usbd_cdc_if.o(.data)
    FS_Desc                                  0x200004c8   Data          28  usbd_desc.o(.data)
    USBD_FS_DeviceDesc                       0x200004e4   Data          18  usbd_desc.o(.data)
    USBD_LangIDDesc                          0x200004f8   Data           4  usbd_desc.o(.data)
    USBD_StringSerial                        0x200004fc   Data          26  usbd_desc.o(.data)
    BMI088_SPI                               0x20000518   Data           4  bmi088middleware.o(.data)
    BMI088_ACCEL_SEN                         0x2000051c   Data           4  bmi088driver.o(.data)
    BMI088_GYRO_SEN                          0x20000520   Data           4  bmi088driver.o(.data)
    gNormDiff                                0x20000528   Data           4  bmi088driver.o(.data)
    caliOffset                               0x2000052c   Data           1  bmi088driver.o(.data)
    caliCount                                0x2000052e   Data           2  bmi088driver.o(.data)
    INS_DWT_Count                            0x2000056c   Data           4  ins_task.o(.data)
    ins_debug_mode                           0x20000578   Data           1  ins_task.o(.data)
    RefTemp                                  0x2000057c   Data           4  ins_task.o(.data)
    RGB_flow_color                           0x200005c0   Data          28  led_flow_task.o(.data)
    led_high_water                           0x200005dc   Data           4  led_flow_task.o(.data)
    test_debug_mode                          0x200005e0   Data           4  testtask.o(.data)
    vx                                       0x200005e4   Data           4  testtask.o(.data)
    omega                                    0x200005e8   Data           4  testtask.o(.data)
    left_dev                                 0x200005ec   Data           4  testtask.o(.data)
    right_dev                                0x200005f0   Data           4  testtask.o(.data)
    hcan1                                    0x20000c9c   Data          40  can.o(.bss)
    hcan2                                    0x20000cc4   Data          40  can.o(.bss)
    hi2c2                                    0x20000cec   Data          84  i2c.o(.bss)
    hi2c3                                    0x20000d40   Data          84  i2c.o(.bss)
    hspi1                                    0x20000d94   Data          88  spi.o(.bss)
    hdma_spi1_rx                             0x20000dec   Data          96  spi.o(.bss)
    hdma_spi1_tx                             0x20000e4c   Data          96  spi.o(.bss)
    htim1                                    0x20000eac   Data          64  tim.o(.bss)
    htim2                                    0x20000eec   Data          64  tim.o(.bss)
    htim4                                    0x20000f2c   Data          64  tim.o(.bss)
    htim5                                    0x20000f6c   Data          64  tim.o(.bss)
    htim8                                    0x20000fac   Data          64  tim.o(.bss)
    htim10                                   0x20000fec   Data          64  tim.o(.bss)
    huart1                                   0x2000102c   Data          64  usart.o(.bss)
    huart3                                   0x2000106c   Data          64  usart.o(.bss)
    huart6                                   0x200010ac   Data          64  usart.o(.bss)
    hdma_usart3_rx                           0x200010ec   Data          96  usart.o(.bss)
    xQueueRegistry                           0x2000114c   Data          64  queue.o(.bss)
    SysTime                                  0x20007390   Data          24  bsp_dwt.o(.bss)
    PCbuffer                                 0x200073a8   Data          13  pc_serial.o(.bss)
    SendToPC_Buff                            0x200073b5   Data          11  pc_serial.o(.bss)
    pc_recv_data                             0x200073c0   Data          13  pc_serial.o(.bss)
    pc_send_data                             0x200073cd   Data          11  pc_serial.o(.bss)
    QEKF_INS                                 0x200073d8   Data         480  quaternionekf.o(.bss)
    IMU_QuaternionEKF_K                      0x200075b8   Data          72  quaternionekf.o(.bss)
    IMU_QuaternionEKF_H                      0x20007600   Data          72  quaternionekf.o(.bss)
    robot_config                             0x20007648   Data          32  robot_config.o(.bss)
    hUsbDeviceFS                             0x20007668   Data         732  usb_device.o(.bss)
    UserRxBufferFS                           0x20007944   Data        2048  usbd_cdc_if.o(.bss)
    UserTxBufferFS                           0x20008144   Data        2048  usbd_cdc_if.o(.bss)
    tempPC                                   0x20008944   Data          13  usbd_cdc_if.o(.bss)
    hpcd_USB_OTG_FS                          0x20008954   Data        1292  usbd_conf.o(.bss)
    USBD_StrDesc                             0x20009080   Data         512  usbd_desc.o(.bss)
    gyroDiff                                 0x20009280   Data          12  bmi088driver.o(.bss)
    BMI088                                   0x2000928c   Data          52  bmi088driver.o(.bss)
    global_debugger                          0x200092c0   Data         232  debug.o(.bss)
    Ozone                                    0x200093a8   Data          32  debug.o(.bss)
    INS                                      0x200093c8   Data         128  ins_task.o(.bss)
    IMU_Param                                0x20009448   Data          28  ins_task.o(.bss)
    TempCtrl                                 0x20009468   Data         184  ins_task.o(.bss)
    INS_Nav                                  0x20009520   Data       20068  ins_task.o(.bss)
    front_drive                              0x2000e398   Data          84  testtask.o(.bss)
    rear_drive                               0x2000e3ec   Data          84  testtask.o(.bss)
    __libspace_start                         0x2000e440   Data          96  libspace.o(.bss)
    __temporary_stack_top$libspace           0x2000e4a0   Data           0  libspace.o(.bss)



==============================================================================

Memory Map of the image

  Image Entry point : 0x08000189

  Load Region LR_IROM1 (Base: 0x08000000, Size: 0x000120d4, Max: 0x00100000, ABSOLUTE, COMPRESSED[0x00011c58])

    Execution Region ER_IROM1 (Exec base: 0x08000000, Load base: 0x08000000, Size: 0x00011ae0, Max: 0x00100000, ABSOLUTE)

    Exec Addr    Load Addr    Size         Type   Attr      Idx    E Section Name        Object

    0x08000000   0x08000000   0x00000188   Data   RO            3    RESET               startup_stm32f407xx.o
    0x08000188   0x08000188   0x00000008   Code   RO        10133  * !!!main             c_w.l(__main.o)
    0x08000190   0x08000190   0x00000034   Code   RO        10506    !!!scatter          c_w.l(__scatter.o)
    0x080001c4   0x080001c4   0x0000005a   Code   RO        10504    !!dczerorl2         c_w.l(__dczerorl2.o)
    0x0800021e   0x0800021e   0x00000002   PAD
    0x08000220   0x08000220   0x0000001c   Code   RO        10508    !!handler_zi        c_w.l(__scatter_zi.o)
    0x0800023c   0x0800023c   0x00000002   Code   RO        10441    .ARM.Collect$$libinit$$00000000  c_w.l(libinit.o)
    0x0800023e   0x0800023e   0x00000004   Code   RO        10289    .ARM.Collect$$libinit$$00000001  c_w.l(libinit2.o)
    0x08000242   0x08000242   0x00000000   Code   RO        10292    .ARM.Collect$$libinit$$00000004  c_w.l(libinit2.o)
    0x08000242   0x08000242   0x00000008   Code   RO        10293    .ARM.Collect$$libinit$$00000005  c_w.l(libinit2.o)
    0x0800024a   0x0800024a   0x00000000   Code   RO        10295    .ARM.Collect$$libinit$$0000000A  c_w.l(libinit2.o)
    0x0800024a   0x0800024a   0x00000000   Code   RO        10297    .ARM.Collect$$libinit$$0000000C  c_w.l(libinit2.o)
    0x0800024a   0x0800024a   0x00000000   Code   RO        10299    .ARM.Collect$$libinit$$0000000E  c_w.l(libinit2.o)
    0x0800024a   0x0800024a   0x00000000   Code   RO        10302    .ARM.Collect$$libinit$$00000011  c_w.l(libinit2.o)
    0x0800024a   0x0800024a   0x00000000   Code   RO        10304    .ARM.Collect$$libinit$$00000013  c_w.l(libinit2.o)
    0x0800024a   0x0800024a   0x00000000   Code   RO        10306    .ARM.Collect$$libinit$$00000015  c_w.l(libinit2.o)
    0x0800024a   0x0800024a   0x00000000   Code   RO        10308    .ARM.Collect$$libinit$$00000017  c_w.l(libinit2.o)
    0x0800024a   0x0800024a   0x00000000   Code   RO        10310    .ARM.Collect$$libinit$$00000019  c_w.l(libinit2.o)
    0x0800024a   0x0800024a   0x00000000   Code   RO        10312    .ARM.Collect$$libinit$$0000001B  c_w.l(libinit2.o)
    0x0800024a   0x0800024a   0x00000000   Code   RO        10314    .ARM.Collect$$libinit$$0000001D  c_w.l(libinit2.o)
    0x0800024a   0x0800024a   0x00000000   Code   RO        10316    .ARM.Collect$$libinit$$0000001F  c_w.l(libinit2.o)
    0x0800024a   0x0800024a   0x00000000   Code   RO        10318    .ARM.Collect$$libinit$$00000021  c_w.l(libinit2.o)
    0x0800024a   0x0800024a   0x00000000   Code   RO        10320    .ARM.Collect$$libinit$$00000023  c_w.l(libinit2.o)
    0x0800024a   0x0800024a   0x00000000   Code   RO        10322    .ARM.Collect$$libinit$$00000025  c_w.l(libinit2.o)
    0x0800024a   0x0800024a   0x00000000   Code   RO        10326    .ARM.Collect$$libinit$$0000002C  c_w.l(libinit2.o)
    0x0800024a   0x0800024a   0x00000000   Code   RO        10328    .ARM.Collect$$libinit$$0000002E  c_w.l(libinit2.o)
    0x0800024a   0x0800024a   0x00000000   Code   RO        10330    .ARM.Collect$$libinit$$00000030  c_w.l(libinit2.o)
    0x0800024a   0x0800024a   0x00000000   Code   RO        10332    .ARM.Collect$$libinit$$00000032  c_w.l(libinit2.o)
    0x0800024a   0x0800024a   0x00000002   Code   RO        10333    .ARM.Collect$$libinit$$00000033  c_w.l(libinit2.o)
    0x0800024c   0x0800024c   0x00000002   Code   RO        10501    .ARM.Collect$$libshutdown$$00000000  c_w.l(libshutdown.o)
    0x0800024e   0x0800024e   0x00000000   Code   RO        10457    .ARM.Collect$$libshutdown$$00000002  c_w.l(libshutdown2.o)
    0x0800024e   0x0800024e   0x00000000   Code   RO        10459    .ARM.Collect$$libshutdown$$00000004  c_w.l(libshutdown2.o)
    0x0800024e   0x0800024e   0x00000000   Code   RO        10461    .ARM.Collect$$libshutdown$$00000006  c_w.l(libshutdown2.o)
    0x0800024e   0x0800024e   0x00000000   Code   RO        10464    .ARM.Collect$$libshutdown$$00000009  c_w.l(libshutdown2.o)
    0x0800024e   0x0800024e   0x00000000   Code   RO        10467    .ARM.Collect$$libshutdown$$0000000C  c_w.l(libshutdown2.o)
    0x0800024e   0x0800024e   0x00000000   Code   RO        10469    .ARM.Collect$$libshutdown$$0000000E  c_w.l(libshutdown2.o)
    0x0800024e   0x0800024e   0x00000000   Code   RO        10472    .ARM.Collect$$libshutdown$$00000011  c_w.l(libshutdown2.o)
    0x0800024e   0x0800024e   0x00000002   Code   RO        10473    .ARM.Collect$$libshutdown$$00000012  c_w.l(libshutdown2.o)
    0x08000250   0x08000250   0x00000000   Code   RO        10249    .ARM.Collect$$rtentry$$00000000  c_w.l(__rtentry.o)
    0x08000250   0x08000250   0x00000000   Code   RO        10373    .ARM.Collect$$rtentry$$00000002  c_w.l(__rtentry2.o)
    0x08000250   0x08000250   0x00000006   Code   RO        10385    .ARM.Collect$$rtentry$$00000004  c_w.l(__rtentry4.o)
    0x08000256   0x08000256   0x00000000   Code   RO        10375    .ARM.Collect$$rtentry$$00000009  c_w.l(__rtentry2.o)
    0x08000256   0x08000256   0x00000004   Code   RO        10376    .ARM.Collect$$rtentry$$0000000A  c_w.l(__rtentry2.o)
    0x0800025a   0x0800025a   0x00000000   Code   RO        10378    .ARM.Collect$$rtentry$$0000000C  c_w.l(__rtentry2.o)
    0x0800025a   0x0800025a   0x00000008   Code   RO        10379    .ARM.Collect$$rtentry$$0000000D  c_w.l(__rtentry2.o)
    0x08000262   0x08000262   0x00000002   Code   RO        10444    .ARM.Collect$$rtexit$$00000000  c_w.l(rtexit.o)
    0x08000264   0x08000264   0x00000000   Code   RO        10477    .ARM.Collect$$rtexit$$00000002  c_w.l(rtexit2.o)
    0x08000264   0x08000264   0x00000004   Code   RO        10478    .ARM.Collect$$rtexit$$00000003  c_w.l(rtexit2.o)
    0x08000268   0x08000268   0x00000006   Code   RO        10479    .ARM.Collect$$rtexit$$00000004  c_w.l(rtexit2.o)
    0x0800026e   0x0800026e   0x00000002   PAD
    0x08000270   0x08000270   0x000000be   Code   RO         6571    .emb_text           port.o
    0x0800032e   0x0800032e   0x00000002   PAD
    0x08000330   0x08000330   0x00000000   Code   RO        10396    .emb_text           c_w.l(maybetermalloc1.o)
    0x08000330   0x08000330   0x00000040   Code   RO            4    .text               startup_stm32f407xx.o
    0x08000370   0x08000370   0x000000d8   Code   RO         9870    .text               arm_cortexM4lf_math.lib(arm_cos_f32.o)
    0x08000448   0x08000448   0x000000d8   Code   RO         9917    .text               arm_cortexM4lf_math.lib(arm_sin_f32.o)
    0x08000520   0x08000520   0x00000100   Code   RO         9939    .text               arm_cortexM4lf_math.lib(arm_mat_add_f32.o)
    0x08000620   0x08000620   0x00000008   Code   RO         9959    .text               arm_cortexM4lf_math.lib(arm_mat_init_f32.o)
    0x08000628   0x08000628   0x00000500   Code   RO         9979    .text               arm_cortexM4lf_math.lib(arm_mat_inverse_f32.o)
    0x08000b28   0x08000b28   0x000000f8   Code   RO         9999    .text               arm_cortexM4lf_math.lib(arm_mat_mult_f32.o)
    0x08000c20   0x08000c20   0x00000100   Code   RO        10019    .text               arm_cortexM4lf_math.lib(arm_mat_sub_f32.o)
    0x08000d20   0x08000d20   0x00000098   Code   RO        10039    .text               arm_cortexM4lf_math.lib(arm_mat_trans_f32.o)
    0x08000db8   0x08000db8   0x0000005e   Code   RO        10061    .text               c_w.l(h1_alloc.o)
    0x08000e16   0x08000e16   0x000000ee   Code   RO        10115    .text               c_w.l(lludivv7m.o)
    0x08000f04   0x08000f04   0x0000008a   Code   RO        10119    .text               c_w.l(rt_memcpy_v6.o)
    0x08000f8e   0x08000f8e   0x00000064   Code   RO        10121    .text               c_w.l(rt_memcpy_w.o)
    0x08000ff2   0x08000ff2   0x00000010   Code   RO        10125    .text               c_w.l(aeabi_memset.o)
    0x08001002   0x08001002   0x00000044   Code   RO        10127    .text               c_w.l(rt_memclr.o)
    0x08001046   0x08001046   0x0000004e   Code   RO        10129    .text               c_w.l(rt_memclr_w.o)
    0x08001094   0x08001094   0x00000006   Code   RO        10131    .text               c_w.l(heapauxi.o)
    0x0800109a   0x0800109a   0x00000002   PAD
    0x0800109c   0x0800109c   0x00000008   Code   RO        10257    .text               c_w.l(rt_heap_descriptor_intlibspace.o)
    0x080010a4   0x080010a4   0x00000004   Code   RO        10259    .text               c_w.l(hguard.o)
    0x080010a8   0x080010a8   0x0000008a   Code   RO        10261    .text               c_w.l(init_alloc.o)
    0x08001132   0x08001132   0x0000000e   Code   RO        10267    .text               c_w.l(h1_init.o)
    0x08001140   0x08001140   0x0000004e   Code   RO        10269    .text               c_w.l(h1_free.o)
    0x0800118e   0x0800118e   0x00000016   Code   RO        10285    .text               c_w.l(_rserrno.o)
    0x080011a4   0x080011a4   0x00000008   Code   RO        10369    .text               c_w.l(libspace.o)
    0x080011ac   0x080011ac   0x00000008   Code   RO        10392    .text               c_w.l(rt_errno_addr_intlibspace.o)
    0x080011b4   0x080011b4   0x00000034   Code   RO        10398    .text               c_w.l(h1_extend.o)
    0x080011e8   0x080011e8   0x0000000e   Code   RO        10402    .text               c_w.l(defsig_rtmem_outer.o)
    0x080011f6   0x080011f6   0x00000002   Code   RO        10413    .text               c_w.l(use_no_semi.o)
    0x080011f8   0x080011f8   0x00000000   Code   RO        10415    .text               c_w.l(indicate_semi.o)
    0x080011f8   0x080011f8   0x0000004a   Code   RO        10416    .text               c_w.l(sys_stackheap_outer.o)
    0x08001242   0x08001242   0x00000012   Code   RO        10422    .text               c_w.l(exit.o)
    0x08001254   0x08001254   0x0000000a   Code   RO        10424    .text               c_w.l(defsig_exit.o)
    0x0800125e   0x0800125e   0x00000002   PAD
    0x08001260   0x08001260   0x00000050   Code   RO        10430    .text               c_w.l(defsig_rtmem_inner.o)
    0x080012b0   0x080012b0   0x0000000c   Code   RO        10442    .text               c_w.l(sys_exit.o)
    0x080012bc   0x080012bc   0x00000032   Code   RO        10452    .text               c_w.l(defsig_general.o)
    0x080012ee   0x080012ee   0x0000000e   Code   RO        10474    .text               c_w.l(sys_wrch.o)
    0x080012fc   0x080012fc   0x00000014   Code   RO         9122    i.BMI088_ACCEL_NS_H  bmi088middleware.o
    0x08001310   0x08001310   0x00000014   Code   RO         9123    i.BMI088_ACCEL_NS_L  bmi088middleware.o
    0x08001324   0x08001324   0x00000014   Code   RO         9124    i.BMI088_GYRO_NS_H  bmi088middleware.o
    0x08001338   0x08001338   0x00000014   Code   RO         9125    i.BMI088_GYRO_NS_L  bmi088middleware.o
    0x0800134c   0x0800134c   0x0000027c   Code   RO         9177    i.BMI088_Read       bmi088driver.o
    0x080015c8   0x080015c8   0x0000009c   Code   RO         9178    i.BMI088_init       bmi088driver.o
    0x08001664   0x08001664   0x00000026   Code   RO         9179    i.BMI088_read_muli_reg  bmi088driver.o
    0x0800168a   0x0800168a   0x00000018   Code   RO         9180    i.BMI088_read_single_reg  bmi088driver.o
    0x080016a2   0x080016a2   0x00000002   PAD
    0x080016a4   0x080016a4   0x00000024   Code   RO         9126    i.BMI088_read_write_byte  bmi088middleware.o
    0x080016c8   0x080016c8   0x00000014   Code   RO         9181    i.BMI088_write_single_reg  bmi088driver.o
    0x080016dc   0x080016dc   0x0000015a   Code   RO         9616    i.BodyFrameToEarthFrame  ins_task.o
    0x08001836   0x08001836   0x00000002   PAD
    0x08001838   0x08001838   0x00000064   Code   RO           13    i.Bsp_Init          main.o
    0x0800189c   0x0800189c   0x00000004   Code   RO          854    i.BusFault_Handler  stm32f4xx_it.o
    0x080018a0   0x080018a0   0x00000010   Code   RO          855    i.CAN1_RX0_IRQHandler  stm32f4xx_it.o
    0x080018b0   0x080018b0   0x00000010   Code   RO          856    i.CAN1_RX1_IRQHandler  stm32f4xx_it.o
    0x080018c0   0x080018c0   0x00000010   Code   RO          857    i.CAN1_TX_IRQHandler  stm32f4xx_it.o
    0x080018d0   0x080018d0   0x00000010   Code   RO          858    i.CAN2_RX0_IRQHandler  stm32f4xx_it.o
    0x080018e0   0x080018e0   0x00000010   Code   RO          859    i.CAN2_RX1_IRQHandler  stm32f4xx_it.o
    0x080018f0   0x080018f0   0x00000010   Code   RO          860    i.CAN2_TX_IRQHandler  stm32f4xx_it.o
    0x08001900   0x08001900   0x00000044   Code   RO         8768    i.CDC_Control_FS    usbd_cdc_if.o
    0x08001944   0x08001944   0x00000004   Code   RO         8769    i.CDC_DeInit_FS     usbd_cdc_if.o
    0x08001948   0x08001948   0x00000024   Code   RO         8770    i.CDC_Init_FS       usbd_cdc_if.o
    0x0800196c   0x0800196c   0x00000030   Code   RO         8771    i.CDC_Receive_FS    usbd_cdc_if.o
    0x0800199c   0x0800199c   0x0000000c   Code   RO         8772    i.CDC_TransmitCplt_FS  usbd_cdc_if.o
    0x080019a8   0x080019a8   0x00000544   Code   RO         9182    i.Calibrate_MPU_Offset  bmi088driver.o
    0x08001eec   0x08001eec   0x00000004   Code   RO          861    i.DMA1_Stream1_IRQHandler  stm32f4xx_it.o
    0x08001ef0   0x08001ef0   0x00000004   Code   RO          862    i.DMA2_Stream2_IRQHandler  stm32f4xx_it.o
    0x08001ef4   0x08001ef4   0x00000004   Code   RO          863    i.DMA2_Stream3_IRQHandler  stm32f4xx_it.o
    0x08001ef8   0x08001ef8   0x00000034   Code   RO         1776    i.DMA_CalcBaseAndBitshift  stm32f4xx_hal_dma.o
    0x08001f2c   0x08001f2c   0x000000aa   Code   RO         1777    i.DMA_CheckFifoParam  stm32f4xx_hal_dma.o
    0x08001fd6   0x08001fd6   0x00000002   PAD
    0x08001fd8   0x08001fd8   0x00000030   Code   RO         6906    i.DWT_CNT_Update    bsp_dwt.o
    0x08002008   0x08002008   0x0000003c   Code   RO         6907    i.DWT_Delay         bsp_dwt.o
    0x08002044   0x08002044   0x0000004c   Code   RO         6908    i.DWT_GetDeltaT     bsp_dwt.o
    0x08002090   0x08002090   0x00000058   Code   RO         6910    i.DWT_GetTimeline_ms  bsp_dwt.o
    0x080020e8   0x080020e8   0x0000005c   Code   RO         6911    i.DWT_GetTimeline_s  bsp_dwt.o
    0x08002144   0x08002144   0x00000068   Code   RO         6913    i.DWT_Init          bsp_dwt.o
    0x080021ac   0x080021ac   0x000000e0   Code   RO         6914    i.DWT_SysTimeUpdate  bsp_dwt.o
    0x0800228c   0x0800228c   0x00000002   Code   RO          864    i.DebugMon_Handler  stm32f4xx_it.o
    0x0800228e   0x0800228e   0x0000000a   Code   RO          865    i.EXTI0_IRQHandler  stm32f4xx_it.o
    0x08002298   0x08002298   0x0000000a   Code   RO          866    i.EXTI3_IRQHandler  stm32f4xx_it.o
    0x080022a2   0x080022a2   0x0000000a   Code   RO          867    i.EXTI4_IRQHandler  stm32f4xx_it.o
    0x080022ac   0x080022ac   0x0000000a   Code   RO          868    i.EXTI9_5_IRQHandler  stm32f4xx_it.o
    0x080022b6   0x080022b6   0x0000015a   Code   RO         9617    i.EarthFrameToBodyFrame  ins_task.o
    0x08002410   0x08002410   0x00000006   Code   RO           14    i.Error_Handler     main.o
    0x08002416   0x08002416   0x00000002   PAD
    0x08002418   0x08002418   0x00000034   Code   RO         7204    i.Get_CRC16_Check_Sum  algorithmofcrc.o
    0x0800244c   0x0800244c   0x00000034   Code   RO         9045    i.Get_SerialNum     usbd_desc.o
    0x08002480   0x08002480   0x0000003c   Code   RO         9619    i.GimbalEstimate_task  ins_task.o
    0x080024bc   0x080024bc   0x0000002a   Code   RO         1039    i.HAL_CAN_ActivateNotification  stm32f4xx_hal_can.o
    0x080024e6   0x080024e6   0x00000156   Code   RO         1040    i.HAL_CAN_AddTxMessage  stm32f4xx_hal_can.o
    0x0800263c   0x0800263c   0x00000124   Code   RO         1041    i.HAL_CAN_ConfigFilter  stm32f4xx_hal_can.o
    0x08002760   0x08002760   0x00000002   Code   RO         1044    i.HAL_CAN_ErrorCallback  stm32f4xx_hal_can.o
    0x08002762   0x08002762   0x0000017c   Code   RO         1047    i.HAL_CAN_GetRxMessage  stm32f4xx_hal_can.o
    0x080028de   0x080028de   0x0000024e   Code   RO         1051    i.HAL_CAN_IRQHandler  stm32f4xx_hal_can.o
    0x08002b2c   0x08002b2c   0x00000174   Code   RO         1052    i.HAL_CAN_Init      stm32f4xx_hal_can.o
    0x08002ca0   0x08002ca0   0x000001a0   Code   RO          530    i.HAL_CAN_MspInit   can.o
    0x08002e40   0x08002e40   0x00000002   Code   RO         1059    i.HAL_CAN_RxFifo0FullCallback  stm32f4xx_hal_can.o
    0x08002e42   0x08002e42   0x00000002   PAD
    0x08002e44   0x08002e44   0x00000044   Code   RO         6651    i.HAL_CAN_RxFifo0MsgPendingCallback  bsp_can.o
    0x08002e88   0x08002e88   0x00000002   Code   RO         1061    i.HAL_CAN_RxFifo1FullCallback  stm32f4xx_hal_can.o
    0x08002e8a   0x08002e8a   0x00000002   PAD
    0x08002e8c   0x08002e8c   0x00000044   Code   RO         6652    i.HAL_CAN_RxFifo1MsgPendingCallback  bsp_can.o
    0x08002ed0   0x08002ed0   0x00000002   Code   RO         1063    i.HAL_CAN_SleepCallback  stm32f4xx_hal_can.o
    0x08002ed2   0x08002ed2   0x0000005e   Code   RO         1064    i.HAL_CAN_Start     stm32f4xx_hal_can.o
    0x08002f30   0x08002f30   0x00000002   Code   RO         1066    i.HAL_CAN_TxMailbox0AbortCallback  stm32f4xx_hal_can.o
    0x08002f32   0x08002f32   0x00000002   Code   RO         1067    i.HAL_CAN_TxMailbox0CompleteCallback  stm32f4xx_hal_can.o
    0x08002f34   0x08002f34   0x00000002   Code   RO         1068    i.HAL_CAN_TxMailbox1AbortCallback  stm32f4xx_hal_can.o
    0x08002f36   0x08002f36   0x00000002   Code   RO         1069    i.HAL_CAN_TxMailbox1CompleteCallback  stm32f4xx_hal_can.o
    0x08002f38   0x08002f38   0x00000002   Code   RO         1070    i.HAL_CAN_TxMailbox2AbortCallback  stm32f4xx_hal_can.o
    0x08002f3a   0x08002f3a   0x00000002   Code   RO         1071    i.HAL_CAN_TxMailbox2CompleteCallback  stm32f4xx_hal_can.o
    0x08002f3c   0x08002f3c   0x00000002   Code   RO         1073    i.HAL_CAN_WakeUpFromRxMsgCallback  stm32f4xx_hal_can.o
    0x08002f3e   0x08002f3e   0x00000028   Code   RO         1780    i.HAL_DMA_Abort_IT  stm32f4xx_hal_dma.o
    0x08002f66   0x08002f66   0x00000002   PAD
    0x08002f68   0x08002f68   0x000000ec   Code   RO         1785    i.HAL_DMA_Init      stm32f4xx_hal_dma.o
    0x08003054   0x08003054   0x00000028   Code   RO         2203    i.HAL_Delay         stm32f4xx_hal.o
    0x0800307c   0x0800307c   0x00000002   Code   RO         1670    i.HAL_GPIO_EXTI_Callback  stm32f4xx_hal_gpio.o
    0x0800307e   0x0800307e   0x00000002   PAD
    0x08003080   0x08003080   0x0000001c   Code   RO         1671    i.HAL_GPIO_EXTI_IRQHandler  stm32f4xx_hal_gpio.o
    0x0800309c   0x0800309c   0x00000200   Code   RO         1672    i.HAL_GPIO_Init     stm32f4xx_hal_gpio.o
    0x0800329c   0x0800329c   0x0000000c   Code   RO         1676    i.HAL_GPIO_WritePin  stm32f4xx_hal_gpio.o
    0x080032a8   0x080032a8   0x0000000c   Code   RO         2209    i.HAL_GetTick       stm32f4xx_hal.o
    0x080032b4   0x080032b4   0x000001b8   Code   RO         2462    i.HAL_I2C_Init      stm32f4xx_hal_i2c.o
    0x0800346c   0x0800346c   0x00000158   Code   RO          603    i.HAL_I2C_MspInit   i2c.o
    0x080035c4   0x080035c4   0x00000018   Code   RO         2215    i.HAL_IncTick       stm32f4xx_hal.o
    0x080035dc   0x080035dc   0x0000003c   Code   RO         2216    i.HAL_Init          stm32f4xx_hal.o
    0x08003618   0x08003618   0x0000004c   Code   RO         2217    i.HAL_InitTick      stm32f4xx_hal.o
    0x08003664   0x08003664   0x00000054   Code   RO         1014    i.HAL_MspInit       stm32f4xx_hal_msp.o
    0x080036b8   0x080036b8   0x00000020   Code   RO         2061    i.HAL_NVIC_EnableIRQ  stm32f4xx_hal_cortex.o
    0x080036d8   0x080036d8   0x0000007c   Code   RO         2067    i.HAL_NVIC_SetPriority  stm32f4xx_hal_cortex.o
    0x08003754   0x08003754   0x00000028   Code   RO         2068    i.HAL_NVIC_SetPriorityGrouping  stm32f4xx_hal_cortex.o
    0x0800377c   0x0800377c   0x00000002   Code   RO         4767    i.HAL_PCDEx_LPM_Callback  stm32f4xx_hal_pcd_ex.o
    0x0800377e   0x0800377e   0x0000000a   Code   RO         4768    i.HAL_PCDEx_SetRxFiFo  stm32f4xx_hal_pcd_ex.o
    0x08003788   0x08003788   0x0000004e   Code   RO         4769    i.HAL_PCDEx_SetTxFiFo  stm32f4xx_hal_pcd_ex.o
    0x080037d6   0x080037d6   0x0000000e   Code   RO         8838    i.HAL_PCD_ConnectCallback  usbd_conf.o
    0x080037e4   0x080037e4   0x00000020   Code   RO         8839    i.HAL_PCD_DataInStageCallback  usbd_conf.o
    0x08003804   0x08003804   0x00000020   Code   RO         8840    i.HAL_PCD_DataOutStageCallback  usbd_conf.o
    0x08003824   0x08003824   0x0000000e   Code   RO         8841    i.HAL_PCD_DisconnectCallback  usbd_conf.o
    0x08003832   0x08003832   0x00000042   Code   RO         4532    i.HAL_PCD_EP_Abort  stm32f4xx_hal_pcd.o
    0x08003874   0x08003874   0x0000006a   Code   RO         4533    i.HAL_PCD_EP_Close  stm32f4xx_hal_pcd.o
    0x080038de   0x080038de   0x0000007c   Code   RO         4534    i.HAL_PCD_EP_ClrStall  stm32f4xx_hal_pcd.o
    0x0800395a   0x0800395a   0x00000016   Code   RO         4536    i.HAL_PCD_EP_GetRxCount  stm32f4xx_hal_pcd.o
    0x08003970   0x08003970   0x0000008c   Code   RO         4537    i.HAL_PCD_EP_Open   stm32f4xx_hal_pcd.o
    0x080039fc   0x080039fc   0x00000058   Code   RO         4538    i.HAL_PCD_EP_Receive  stm32f4xx_hal_pcd.o
    0x08003a54   0x08003a54   0x0000008a   Code   RO         4539    i.HAL_PCD_EP_SetStall  stm32f4xx_hal_pcd.o
    0x08003ade   0x08003ade   0x0000005a   Code   RO         4540    i.HAL_PCD_EP_Transmit  stm32f4xx_hal_pcd.o
    0x08003b38   0x08003b38   0x000006ca   Code   RO         4542    i.HAL_PCD_IRQHandler  stm32f4xx_hal_pcd.o
    0x08004202   0x08004202   0x00000012   Code   RO         8842    i.HAL_PCD_ISOINIncompleteCallback  usbd_conf.o
    0x08004214   0x08004214   0x00000012   Code   RO         8843    i.HAL_PCD_ISOOUTIncompleteCallback  usbd_conf.o
    0x08004226   0x08004226   0x00000166   Code   RO         4545    i.HAL_PCD_Init      stm32f4xx_hal_pcd.o
    0x0800438c   0x0800438c   0x000000a8   Code   RO         8845    i.HAL_PCD_MspInit   usbd_conf.o
    0x08004434   0x08004434   0x00000030   Code   RO         8846    i.HAL_PCD_ResetCallback  usbd_conf.o
    0x08004464   0x08004464   0x0000000e   Code   RO         8847    i.HAL_PCD_ResumeCallback  usbd_conf.o
    0x08004472   0x08004472   0x0000000e   Code   RO         8848    i.HAL_PCD_SOFCallback  usbd_conf.o
    0x08004480   0x08004480   0x00000036   Code   RO         4551    i.HAL_PCD_SetAddress  stm32f4xx_hal_pcd.o
    0x080044b6   0x080044b6   0x00000012   Code   RO         8849    i.HAL_PCD_SetupStageCallback  usbd_conf.o
    0x080044c8   0x080044c8   0x0000004a   Code   RO         4554    i.HAL_PCD_Start     stm32f4xx_hal_pcd.o
    0x08004512   0x08004512   0x00000002   PAD
    0x08004514   0x08004514   0x00000034   Code   RO         8850    i.HAL_PCD_SuspendCallback  usbd_conf.o
    0x08004548   0x08004548   0x00000180   Code   RO         1273    i.HAL_RCC_ClockConfig  stm32f4xx_hal_rcc.o
    0x080046c8   0x080046c8   0x0000000c   Code   RO         1278    i.HAL_RCC_GetHCLKFreq  stm32f4xx_hal_rcc.o
    0x080046d4   0x080046d4   0x00000020   Code   RO         1280    i.HAL_RCC_GetPCLK1Freq  stm32f4xx_hal_rcc.o
    0x080046f4   0x080046f4   0x00000020   Code   RO         1281    i.HAL_RCC_GetPCLK2Freq  stm32f4xx_hal_rcc.o
    0x08004714   0x08004714   0x000000b0   Code   RO         1282    i.HAL_RCC_GetSysClockFreq  stm32f4xx_hal_rcc.o
    0x080047c4   0x080047c4   0x00000448   Code   RO         1285    i.HAL_RCC_OscConfig  stm32f4xx_hal_rcc.o
    0x08004c0c   0x08004c0c   0x0000008c   Code   RO         2942    i.HAL_SPI_Init      stm32f4xx_hal_spi.o
    0x08004c98   0x08004c98   0x00000158   Code   RO          651    i.HAL_SPI_MspInit   spi.o
    0x08004df0   0x08004df0   0x0000022a   Code   RO         2951    i.HAL_SPI_TransmitReceive  stm32f4xx_hal_spi.o
    0x0800501a   0x0800501a   0x00000034   Code   RO         2072    i.HAL_SYSTICK_Config  stm32f4xx_hal_cortex.o
    0x0800504e   0x0800504e   0x00000074   Code   RO         3944    i.HAL_TIMEx_ConfigBreakDeadTime  stm32f4xx_hal_tim_ex.o
    0x080050c2   0x080050c2   0x00000054   Code   RO         3959    i.HAL_TIMEx_MasterConfigSynchronization  stm32f4xx_hal_tim_ex.o
    0x08005116   0x08005116   0x00000034   Code   RO         3255    i.HAL_TIM_Base_Init  stm32f4xx_hal_tim.o
    0x0800514a   0x0800514a   0x00000002   PAD
    0x0800514c   0x0800514c   0x000000e8   Code   RO          693    i.HAL_TIM_Base_MspInit  tim.o
    0x08005234   0x08005234   0x0000002a   Code   RO         3258    i.HAL_TIM_Base_Start  stm32f4xx_hal_tim.o
    0x0800525e   0x0800525e   0x00000108   Code   RO         3264    i.HAL_TIM_ConfigClockSource  stm32f4xx_hal_tim.o
    0x08005366   0x08005366   0x00000002   PAD
    0x08005368   0x08005368   0x00000224   Code   RO          694    i.HAL_TIM_MspPostInit  tim.o
    0x0800558c   0x0800558c   0x00000074   Code   RO         3299    i.HAL_TIM_OC_ConfigChannel  stm32f4xx_hal_tim.o
    0x08005600   0x08005600   0x00000034   Code   RO         3303    i.HAL_TIM_OC_Init   stm32f4xx_hal_tim.o
    0x08005634   0x08005634   0x00000002   Code   RO         3305    i.HAL_TIM_OC_MspInit  stm32f4xx_hal_tim.o
    0x08005636   0x08005636   0x00000108   Code   RO         3322    i.HAL_TIM_PWM_ConfigChannel  stm32f4xx_hal_tim.o
    0x0800573e   0x0800573e   0x00000034   Code   RO         3325    i.HAL_TIM_PWM_Init  stm32f4xx_hal_tim.o
    0x08005772   0x08005772   0x00000002   PAD
    0x08005774   0x08005774   0x00000060   Code   RO          696    i.HAL_TIM_PWM_MspInit  tim.o
    0x080057d4   0x080057d4   0x00000058   Code   RO         3330    i.HAL_TIM_PWM_Start  stm32f4xx_hal_tim.o
    0x0800582c   0x0800582c   0x00000002   Code   RO         4213    i.HAL_UART_ErrorCallback  stm32f4xx_hal_uart.o
    0x0800582e   0x0800582e   0x00000002   PAD
    0x08005830   0x08005830   0x0000014c   Code   RO         4216    i.HAL_UART_IRQHandler  stm32f4xx_hal_uart.o
    0x0800597c   0x0800597c   0x00000072   Code   RO         4217    i.HAL_UART_Init     stm32f4xx_hal_uart.o
    0x080059ee   0x080059ee   0x00000002   PAD
    0x080059f0   0x080059f0   0x0000022c   Code   RO          783    i.HAL_UART_MspInit  usart.o
    0x08005c1c   0x08005c1c   0x00000002   Code   RO          784    i.HAL_UART_RxCpltCallback  usart.o
    0x08005c1e   0x08005c1e   0x00000002   Code   RO          785    i.HAL_UART_TxCpltCallback  usart.o
    0x08005c20   0x08005c20   0x00000130   Code   RO         7281    i.H_K_R_Adjustment  kalman_filter.o
    0x08005d50   0x08005d50   0x00000004   Code   RO          869    i.HardFault_Handler  stm32f4xx_it.o
    0x08005d54   0x08005d54   0x00000374   Code   RO         9620    i.IMU_Param_Correction  ins_task.o
    0x080060c8   0x080060c8   0x00000238   Code   RO         7532    i.IMU_QuaternionEKF_F_Linearization_P_Fading  quaternionekf.o
    0x08006300   0x08006300   0x00000130   Code   RO         7533    i.IMU_QuaternionEKF_Init  quaternionekf.o
    0x08006430   0x08006430   0x00000034   Code   RO         7534    i.IMU_QuaternionEKF_Observe  quaternionekf.o
    0x08006464   0x08006464   0x00000128   Code   RO         7535    i.IMU_QuaternionEKF_SetH  quaternionekf.o
    0x0800658c   0x0800658c   0x00000634   Code   RO         7536    i.IMU_QuaternionEKF_Update  quaternionekf.o
    0x08006bc0   0x08006bc0   0x00000508   Code   RO         7537    i.IMU_QuaternionEKF_xhatUpdate  quaternionekf.o
    0x080070c8   0x080070c8   0x00000074   Code   RO         9621    i.IMU_Temperature_Ctrl  ins_task.o
    0x0800713c   0x0800713c   0x000000c4   Code   RO         9622    i.INS_Init          ins_task.o
    0x08007200   0x08007200   0x00000090   Code   RO         9623    i.INS_Navigation_Extension_Add_Trajectory_Point  ins_task.o
    0x08007290   0x08007290   0x00000128   Code   RO         9624    i.INS_Navigation_Extension_Calculate_Statistics  ins_task.o
    0x080073b8   0x080073b8   0x0000003c   Code   RO         9629    i.INS_Navigation_Extension_Init  ins_task.o
    0x080073f4   0x080073f4   0x00000084   Code   RO         9630    i.INS_Navigation_Extension_Reset_Position  ins_task.o
    0x08007478   0x08007478   0x000001e0   Code   RO         9631    i.INS_Navigation_Extension_Transform_Acceleration  ins_task.o
    0x08007658   0x08007658   0x000001ec   Code   RO         9632    i.INS_Navigation_Extension_Update  ins_task.o
    0x08007844   0x08007844   0x000002a0   Code   RO         9633    i.INS_Task          ins_task.o
    0x08007ae4   0x08007ae4   0x0000003e   Code   RO         9046    i.IntToUnicode      usbd_desc.o
    0x08007b22   0x08007b22   0x00000002   PAD
    0x08007b24   0x08007b24   0x00000188   Code   RO         8244    i.KIN_ComputeLeftRight  kinematics.o
    0x08007cac   0x08007cac   0x00000002   Code   RO         8245    i.KIN_Init          kinematics.o
    0x08007cae   0x08007cae   0x00000002   PAD
    0x08007cb0   0x08007cb0   0x0000070c   Code   RO         7282    i.Kalman_Filter_Init  kalman_filter.o
    0x080083bc   0x080083bc   0x00000050   Code   RO         7283    i.Kalman_Filter_Measure  kalman_filter.o
    0x0800840c   0x0800840c   0x00000068   Code   RO         7284    i.Kalman_Filter_P_Update  kalman_filter.o
    0x08008474   0x08008474   0x00000068   Code   RO         7285    i.Kalman_Filter_PminusUpdate  kalman_filter.o
    0x080084dc   0x080084dc   0x000000d2   Code   RO         7286    i.Kalman_Filter_SetK  kalman_filter.o
    0x080085ae   0x080085ae   0x00000002   PAD
    0x080085b0   0x080085b0   0x00000128   Code   RO         7287    i.Kalman_Filter_Update  kalman_filter.o
    0x080086d8   0x080086d8   0x0000007c   Code   RO         7288    i.Kalman_Filter_xhatMinusUpdate  kalman_filter.o
    0x08008754   0x08008754   0x00000086   Code   RO         7289    i.Kalman_Filter_xhatUpdate  kalman_filter.o
    0x080087da   0x080087da   0x00000036   Code   RO         9513    i.LossUpdate        debug.o
    0x08008810   0x08008810   0x00000048   Code   RO          531    i.MX_CAN1_Init      can.o
    0x08008858   0x08008858   0x00000048   Code   RO          532    i.MX_CAN2_Init      can.o
    0x080088a0   0x080088a0   0x00000078   Code   RO          578    i.MX_DMA_Init       dma.o
    0x08008918   0x08008918   0x00000060   Code   RO          405    i.MX_FREERTOS_Init  freertos.o
    0x08008978   0x08008978   0x00000234   Code   RO          381    i.MX_GPIO_Init      gpio.o
    0x08008bac   0x08008bac   0x0000003c   Code   RO          604    i.MX_I2C2_Init      i2c.o
    0x08008be8   0x08008be8   0x0000003c   Code   RO          605    i.MX_I2C3_Init      i2c.o
    0x08008c24   0x08008c24   0x00000048   Code   RO          652    i.MX_SPI1_Init      spi.o
    0x08008c6c   0x08008c6c   0x0000006c   Code   RO          697    i.MX_TIM10_Init     tim.o
    0x08008cd8   0x08008cd8   0x00000108   Code   RO          698    i.MX_TIM1_Init      tim.o
    0x08008de0   0x08008de0   0x00000068   Code   RO          699    i.MX_TIM2_Init      tim.o
    0x08008e48   0x08008e48   0x000000a4   Code   RO          700    i.MX_TIM4_Init      tim.o
    0x08008eec   0x08008eec   0x0000009c   Code   RO          701    i.MX_TIM5_Init      tim.o
    0x08008f88   0x08008f88   0x000000f8   Code   RO          702    i.MX_TIM8_Init      tim.o
    0x08009080   0x08009080   0x00000038   Code   RO          786    i.MX_USART1_UART_Init  usart.o
    0x080090b8   0x080090b8   0x00000038   Code   RO          787    i.MX_USART3_UART_Init  usart.o
    0x080090f0   0x080090f0   0x00000038   Code   RO          788    i.MX_USART6_UART_Init  usart.o
    0x08009128   0x08009128   0x0000004c   Code   RO         8737    i.MX_USB_DEVICE_Init  usb_device.o
    0x08009174   0x08009174   0x00000004   Code   RO          870    i.MemManage_Handler  stm32f4xx_it.o
    0x08009178   0x08009178   0x00000002   Code   RO          871    i.NMI_Handler       stm32f4xx_it.o
    0x0800917a   0x0800917a   0x00000002   PAD
    0x0800917c   0x0800917c   0x000001cc   Code   RO         7769    i.OLS_Derivative    user_lib.o
    0x08009348   0x08009348   0x0000004c   Code   RO         7770    i.OLS_Init          user_lib.o
    0x08009394   0x08009394   0x00000010   Code   RO          872    i.OTG_FS_IRQHandler  stm32f4xx_it.o
    0x080093a4   0x080093a4   0x00000064   Code   RO         4558    i.PCD_EP_OutSetupPacket_int  stm32f4xx_hal_pcd.o
    0x08009408   0x08009408   0x00000144   Code   RO         4559    i.PCD_EP_OutXfrComplete_int  stm32f4xx_hal_pcd.o
    0x0800954c   0x0800954c   0x000000b6   Code   RO         4560    i.PCD_WriteEmptyTxFifo  stm32f4xx_hal_pcd.o
    0x08009602   0x08009602   0x00000002   PAD
    0x08009604   0x08009604   0x00000028   Code   RO         7137    i.PCReceive         pc_serial.o
    0x0800962c   0x0800962c   0x00000018   Code   RO         7138    i.PCSolve           pc_serial.o
    0x08009644   0x08009644   0x00000276   Code   RO         7408    i.PID_Calculate     pid.o
    0x080098ba   0x080098ba   0x00000002   PAD
    0x080098bc   0x080098bc   0x000000a4   Code   RO         7410    i.PID_Init          pid.o
    0x08009960   0x08009960   0x00000068   Code   RO         8267    i.RobotConfig_Load  robot_config.o
    0x080099c8   0x080099c8   0x00000018   Code   RO           15    i.Robot_Init        main.o
    0x080099e0   0x080099e0   0x0000006c   Code   RO         2980    i.SPI_EndRxTxTransaction  stm32f4xx_hal_spi.o
    0x08009a4c   0x08009a4c   0x000000a8   Code   RO         2985    i.SPI_WaitFlagStateUntilTimeout  stm32f4xx_hal_spi.o
    0x08009af4   0x08009af4   0x00000012   Code   RO         8574    i.SWAPBYTE          usbd_ctlreq.o
    0x08009b06   0x08009b06   0x00000014   Code   RO          873    i.SysTick_Handler   stm32f4xx_it.o
    0x08009b1a   0x08009b1a   0x00000002   PAD
    0x08009b1c   0x08009b1c   0x000000b4   Code   RO           16    i.SystemClock_Config  main.o
    0x08009bd0   0x08009bd0   0x00000064   Code   RO         5120    i.SystemInit        system_stm32f4xx.o
    0x08009c34   0x08009c34   0x000000d8   Code   RO         3343    i.TIM_Base_SetConfig  stm32f4xx_hal_tim.o
    0x08009d0c   0x08009d0c   0x00000022   Code   RO         3344    i.TIM_CCxChannelCmd  stm32f4xx_hal_tim.o
    0x08009d2e   0x08009d2e   0x00000016   Code   RO         3354    i.TIM_ETR_SetConfig  stm32f4xx_hal_tim.o
    0x08009d44   0x08009d44   0x00000012   Code   RO         3355    i.TIM_ITRx_SetConfig  stm32f4xx_hal_tim.o
    0x08009d56   0x08009d56   0x00000002   PAD
    0x08009d58   0x08009d58   0x00000070   Code   RO         3356    i.TIM_OC1_SetConfig  stm32f4xx_hal_tim.o
    0x08009dc8   0x08009dc8   0x0000007c   Code   RO         3357    i.TIM_OC2_SetConfig  stm32f4xx_hal_tim.o
    0x08009e44   0x08009e44   0x00000078   Code   RO         3358    i.TIM_OC3_SetConfig  stm32f4xx_hal_tim.o
    0x08009ebc   0x08009ebc   0x00000054   Code   RO         3359    i.TIM_OC4_SetConfig  stm32f4xx_hal_tim.o
    0x08009f10   0x08009f10   0x0000003a   Code   RO         7015    i.TIM_Set_PWM       bsp_pwm.o
    0x08009f4a   0x08009f4a   0x00000026   Code   RO         3361    i.TIM_TI1_ConfigInputStage  stm32f4xx_hal_tim.o
    0x08009f70   0x08009f70   0x00000028   Code   RO         3363    i.TIM_TI2_ConfigInputStage  stm32f4xx_hal_tim.o
    0x08009f98   0x08009f98   0x00000014   Code   RO         4230    i.UART_DMAAbortOnError  stm32f4xx_hal_uart.o
    0x08009fac   0x08009fac   0x00000020   Code   RO         4240    i.UART_EndRxTransfer  stm32f4xx_hal_uart.o
    0x08009fcc   0x08009fcc   0x00000020   Code   RO         4241    i.UART_EndTransmit_IT  stm32f4xx_hal_uart.o
    0x08009fec   0x08009fec   0x000000a6   Code   RO         4243    i.UART_Receive_IT   stm32f4xx_hal_uart.o
    0x0800a092   0x0800a092   0x00000002   PAD
    0x0800a094   0x0800a094   0x00000368   Code   RO         4244    i.UART_SetConfig    stm32f4xx_hal_uart.o
    0x0800a3fc   0x0800a3fc   0x00000068   Code   RO         4245    i.UART_Transmit_IT  stm32f4xx_hal_uart.o
    0x0800a464   0x0800a464   0x00000010   Code   RO          874    i.USART1_IRQHandler  stm32f4xx_it.o
    0x0800a474   0x0800a474   0x00000010   Code   RO          875    i.USART6_IRQHandler  stm32f4xx_it.o
    0x0800a484   0x0800a484   0x000000c4   Code   RO         8294    i.USBD_CDC_DataIn   usbd_cdc.o
    0x0800a548   0x0800a548   0x00000048   Code   RO         8295    i.USBD_CDC_DataOut  usbd_cdc.o
    0x0800a590   0x0800a590   0x000000d4   Code   RO         8296    i.USBD_CDC_DeInit   usbd_cdc.o
    0x0800a664   0x0800a664   0x00000050   Code   RO         8297    i.USBD_CDC_EP0_RxReady  usbd_cdc.o
    0x0800a6b4   0x0800a6b4   0x00000010   Code   RO         8298    i.USBD_CDC_GetDeviceQualifierDescriptor  usbd_cdc.o
    0x0800a6c4   0x0800a6c4   0x00000044   Code   RO         8299    i.USBD_CDC_GetFSCfgDesc  usbd_cdc.o
    0x0800a708   0x0800a708   0x00000048   Code   RO         8300    i.USBD_CDC_GetHSCfgDesc  usbd_cdc.o
    0x0800a750   0x0800a750   0x00000044   Code   RO         8301    i.USBD_CDC_GetOtherSpeedCfgDesc  usbd_cdc.o
    0x0800a794   0x0800a794   0x000001a0   Code   RO         8302    i.USBD_CDC_Init     usbd_cdc.o
    0x0800a934   0x0800a934   0x00000050   Code   RO         8303    i.USBD_CDC_ReceivePacket  usbd_cdc.o
    0x0800a984   0x0800a984   0x00000018   Code   RO         8304    i.USBD_CDC_RegisterInterface  usbd_cdc.o
    0x0800a99c   0x0800a99c   0x0000001e   Code   RO         8305    i.USBD_CDC_SetRxBuffer  usbd_cdc.o
    0x0800a9ba   0x0800a9ba   0x00000024   Code   RO         8306    i.USBD_CDC_SetTxBuffer  usbd_cdc.o
    0x0800a9de   0x0800a9de   0x00000140   Code   RO         8307    i.USBD_CDC_Setup    usbd_cdc.o
    0x0800ab1e   0x0800ab1e   0x0000001c   Code   RO         8412    i.USBD_ClrClassConfig  usbd_core.o
    0x0800ab3a   0x0800ab3a   0x0000003e   Code   RO         8575    i.USBD_ClrFeature   usbd_ctlreq.o
    0x0800ab78   0x0800ab78   0x00000006   Code   RO         8413    i.USBD_CoreFindEP   usbd_core.o
    0x0800ab7e   0x0800ab7e   0x00000006   Code   RO         8414    i.USBD_CoreFindIF   usbd_core.o
    0x0800ab84   0x0800ab84   0x00000018   Code   RO         8677    i.USBD_CtlContinueRx  usbd_ioreq.o
    0x0800ab9c   0x0800ab9c   0x00000018   Code   RO         8678    i.USBD_CtlContinueSendData  usbd_ioreq.o
    0x0800abb4   0x0800abb4   0x00000018   Code   RO         8576    i.USBD_CtlError     usbd_ctlreq.o
    0x0800abcc   0x0800abcc   0x00000028   Code   RO         8679    i.USBD_CtlPrepareRx  usbd_ioreq.o
    0x0800abf4   0x0800abf4   0x0000001a   Code   RO         8680    i.USBD_CtlReceiveStatus  usbd_ioreq.o
    0x0800ac0e   0x0800ac0e   0x00000022   Code   RO         8681    i.USBD_CtlSendData  usbd_ioreq.o
    0x0800ac30   0x0800ac30   0x0000001a   Code   RO         8682    i.USBD_CtlSendStatus  usbd_ioreq.o
    0x0800ac4a   0x0800ac4a   0x00000002   PAD
    0x0800ac4c   0x0800ac4c   0x00000034   Code   RO         9047    i.USBD_FS_ConfigStrDescriptor  usbd_desc.o
    0x0800ac80   0x0800ac80   0x00000010   Code   RO         9048    i.USBD_FS_DeviceDescriptor  usbd_desc.o
    0x0800ac90   0x0800ac90   0x00000038   Code   RO         9049    i.USBD_FS_InterfaceStrDescriptor  usbd_desc.o
    0x0800acc8   0x0800acc8   0x00000010   Code   RO         9050    i.USBD_FS_LangIDStrDescriptor  usbd_desc.o
    0x0800acd8   0x0800acd8   0x0000002c   Code   RO         9051    i.USBD_FS_ManufacturerStrDescriptor  usbd_desc.o
    0x0800ad04   0x0800ad04   0x00000040   Code   RO         9052    i.USBD_FS_ProductStrDescriptor  usbd_desc.o
    0x0800ad44   0x0800ad44   0x00000018   Code   RO         9053    i.USBD_FS_SerialStrDescriptor  usbd_desc.o
    0x0800ad5c   0x0800ad5c   0x00000056   Code   RO         8577    i.USBD_GetConfig    usbd_ctlreq.o
    0x0800adb2   0x0800adb2   0x000001fc   Code   RO         8578    i.USBD_GetDescriptor  usbd_ctlreq.o
    0x0800afae   0x0800afae   0x00000050   Code   RO         8416    i.USBD_GetEpDesc    usbd_core.o
    0x0800affe   0x0800affe   0x00000016   Code   RO         8579    i.USBD_GetLen       usbd_ctlreq.o
    0x0800b014   0x0800b014   0x00000014   Code   RO         8417    i.USBD_GetNextDesc  usbd_core.o
    0x0800b028   0x0800b028   0x0000005a   Code   RO         8580    i.USBD_GetStatus    usbd_ctlreq.o
    0x0800b082   0x0800b082   0x00000054   Code   RO         8581    i.USBD_GetString    usbd_ctlreq.o
    0x0800b0d6   0x0800b0d6   0x0000002c   Code   RO         8851    i.USBD_Get_USB_Status  usbd_conf.o
    0x0800b102   0x0800b102   0x0000003a   Code   RO         8418    i.USBD_Init         usbd_core.o
    0x0800b13c   0x0800b13c   0x00000026   Code   RO         8852    i.USBD_LL_ClearStallEP  usbd_conf.o
    0x0800b162   0x0800b162   0x00000026   Code   RO         8853    i.USBD_LL_CloseEP   usbd_conf.o
    0x0800b188   0x0800b188   0x00000108   Code   RO         8419    i.USBD_LL_DataInStage  usbd_core.o
    0x0800b290   0x0800b290   0x00000102   Code   RO         8420    i.USBD_LL_DataOutStage  usbd_core.o
    0x0800b392   0x0800b392   0x00000006   Code   RO         8421    i.USBD_LL_DevConnected  usbd_core.o
    0x0800b398   0x0800b398   0x00000026   Code   RO         8422    i.USBD_LL_DevDisconnected  usbd_core.o
    0x0800b3be   0x0800b3be   0x00000012   Code   RO         8857    i.USBD_LL_GetRxDataSize  usbd_conf.o
    0x0800b3d0   0x0800b3d0   0x00000068   Code   RO         8858    i.USBD_LL_Init      usbd_conf.o
    0x0800b438   0x0800b438   0x00000038   Code   RO         8859    i.USBD_LL_IsStallEP  usbd_conf.o
    0x0800b470   0x0800b470   0x00000048   Code   RO         8423    i.USBD_LL_IsoINIncomplete  usbd_core.o
    0x0800b4b8   0x0800b4b8   0x00000048   Code   RO         8424    i.USBD_LL_IsoOUTIncomplete  usbd_core.o
    0x0800b500   0x0800b500   0x00000030   Code   RO         8860    i.USBD_LL_OpenEP    usbd_conf.o
    0x0800b530   0x0800b530   0x00000030   Code   RO         8861    i.USBD_LL_PrepareReceive  usbd_conf.o
    0x0800b560   0x0800b560   0x0000006c   Code   RO         8425    i.USBD_LL_Reset     usbd_core.o
    0x0800b5cc   0x0800b5cc   0x00000016   Code   RO         8426    i.USBD_LL_Resume    usbd_core.o
    0x0800b5e2   0x0800b5e2   0x00000028   Code   RO         8427    i.USBD_LL_SOF       usbd_core.o
    0x0800b60a   0x0800b60a   0x00000008   Code   RO         8428    i.USBD_LL_SetSpeed  usbd_core.o
    0x0800b612   0x0800b612   0x00000026   Code   RO         8862    i.USBD_LL_SetUSBAddress  usbd_conf.o
    0x0800b638   0x0800b638   0x00000076   Code   RO         8429    i.USBD_LL_SetupStage  usbd_core.o
    0x0800b6ae   0x0800b6ae   0x00000026   Code   RO         8863    i.USBD_LL_StallEP   usbd_conf.o
    0x0800b6d4   0x0800b6d4   0x0000001e   Code   RO         8864    i.USBD_LL_Start     usbd_conf.o
    0x0800b6f2   0x0800b6f2   0x00000014   Code   RO         8430    i.USBD_LL_Suspend   usbd_core.o
    0x0800b706   0x0800b706   0x00000030   Code   RO         8866    i.USBD_LL_Transmit  usbd_conf.o
    0x0800b736   0x0800b736   0x00000036   Code   RO         8582    i.USBD_ParseSetupRequest  usbd_ctlreq.o
    0x0800b76c   0x0800b76c   0x00000048   Code   RO         8431    i.USBD_RegisterClass  usbd_core.o
    0x0800b7b4   0x0800b7b4   0x00000006   Code   RO         8432    i.USBD_RunTestMode  usbd_core.o
    0x0800b7ba   0x0800b7ba   0x0000005a   Code   RO         8583    i.USBD_SetAddress   usbd_ctlreq.o
    0x0800b814   0x0800b814   0x00000020   Code   RO         8433    i.USBD_SetClassConfig  usbd_core.o
    0x0800b834   0x0800b834   0x00000104   Code   RO         8584    i.USBD_SetConfig    usbd_ctlreq.o
    0x0800b938   0x0800b938   0x00000038   Code   RO         8585    i.USBD_SetFeature   usbd_ctlreq.o
    0x0800b970   0x0800b970   0x0000000c   Code   RO         8434    i.USBD_Start        usbd_core.o
    0x0800b97c   0x0800b97c   0x000000ae   Code   RO         8586    i.USBD_StdDevReq    usbd_ctlreq.o
    0x0800ba2a   0x0800ba2a   0x00000280   Code   RO         8587    i.USBD_StdEPReq     usbd_ctlreq.o
    0x0800bcaa   0x0800bcaa   0x000000ae   Code   RO         8588    i.USBD_StdItfReq    usbd_ctlreq.o
    0x0800bd58   0x0800bd58   0x00000002   Code   RO         8867    i.USBD_static_free  usbd_conf.o
    0x0800bd5a   0x0800bd5a   0x00000002   PAD
    0x0800bd5c   0x0800bd5c   0x0000000c   Code   RO         8868    i.USBD_static_malloc  usbd_conf.o
    0x0800bd68   0x0800bd68   0x000000d0   Code   RO         4809    i.USB_ActivateEndpoint  stm32f4xx_ll_usb.o
    0x0800be38   0x0800be38   0x00000028   Code   RO         4811    i.USB_ActivateSetup  stm32f4xx_ll_usb.o
    0x0800be60   0x0800be60   0x00000084   Code   RO         4813    i.USB_CoreInit      stm32f4xx_ll_usb.o
    0x0800bee4   0x0800bee4   0x00000058   Code   RO         4814    i.USB_CoreReset     stm32f4xx_ll_usb.o
    0x0800bf3c   0x0800bf3c   0x0000014c   Code   RO         4817    i.USB_DeactivateEndpoint  stm32f4xx_ll_usb.o
    0x0800c088   0x0800c088   0x00000024   Code   RO         4818    i.USB_DevConnect    stm32f4xx_ll_usb.o
    0x0800c0ac   0x0800c0ac   0x00000024   Code   RO         4819    i.USB_DevDisconnect  stm32f4xx_ll_usb.o
    0x0800c0d0   0x0800c0d0   0x000001e0   Code   RO         4820    i.USB_DevInit       stm32f4xx_ll_usb.o
    0x0800c2b0   0x0800c2b0   0x0000000e   Code   RO         4821    i.USB_DisableGlobalInt  stm32f4xx_ll_usb.o
    0x0800c2be   0x0800c2be   0x00000002   PAD
    0x0800c2c0   0x0800c2c0   0x000001dc   Code   RO         4824    i.USB_EP0StartXfer  stm32f4xx_ll_usb.o
    0x0800c49c   0x0800c49c   0x00000070   Code   RO         4825    i.USB_EP0_OutStart  stm32f4xx_ll_usb.o
    0x0800c50c   0x0800c50c   0x0000008e   Code   RO         4826    i.USB_EPClearStall  stm32f4xx_ll_usb.o
    0x0800c59a   0x0800c59a   0x0000009a   Code   RO         4827    i.USB_EPSetStall    stm32f4xx_ll_usb.o
    0x0800c634   0x0800c634   0x00000348   Code   RO         4828    i.USB_EPStartXfer   stm32f4xx_ll_usb.o
    0x0800c97c   0x0800c97c   0x000000ec   Code   RO         4829    i.USB_EPStopXfer    stm32f4xx_ll_usb.o
    0x0800ca68   0x0800ca68   0x0000000e   Code   RO         4830    i.USB_EnableGlobalInt  stm32f4xx_ll_usb.o
    0x0800ca76   0x0800ca76   0x00000002   PAD
    0x0800ca78   0x0800ca78   0x00000054   Code   RO         4831    i.USB_FlushRxFifo   stm32f4xx_ll_usb.o
    0x0800cacc   0x0800cacc   0x00000058   Code   RO         4832    i.USB_FlushTxFifo   stm32f4xx_ll_usb.o
    0x0800cb24   0x0800cb24   0x00000026   Code   RO         4834    i.USB_GetDevSpeed   stm32f4xx_ll_usb.o
    0x0800cb4a   0x0800cb4a   0x0000000a   Code   RO         4836    i.USB_GetMode       stm32f4xx_ll_usb.o
    0x0800cb54   0x0800cb54   0x00000014   Code   RO         4843    i.USB_ReadDevAllInEpInterrupt  stm32f4xx_ll_usb.o
    0x0800cb68   0x0800cb68   0x00000014   Code   RO         4844    i.USB_ReadDevAllOutEpInterrupt  stm32f4xx_ll_usb.o
    0x0800cb7c   0x0800cb7c   0x00000032   Code   RO         4845    i.USB_ReadDevInEPInterrupt  stm32f4xx_ll_usb.o
    0x0800cbae   0x0800cbae   0x0000001a   Code   RO         4846    i.USB_ReadDevOutEPInterrupt  stm32f4xx_ll_usb.o
    0x0800cbc8   0x0800cbc8   0x0000000a   Code   RO         4847    i.USB_ReadInterrupts  stm32f4xx_ll_usb.o
    0x0800cbd2   0x0800cbd2   0x00000060   Code   RO         4848    i.USB_ReadPacket    stm32f4xx_ll_usb.o
    0x0800cc32   0x0800cc32   0x00000068   Code   RO         4850    i.USB_SetCurrentMode  stm32f4xx_ll_usb.o
    0x0800cc9a   0x0800cc9a   0x0000002a   Code   RO         4851    i.USB_SetDevAddress  stm32f4xx_ll_usb.o
    0x0800ccc4   0x0800ccc4   0x00000012   Code   RO         4852    i.USB_SetDevSpeed   stm32f4xx_ll_usb.o
    0x0800ccd6   0x0800ccd6   0x00000002   PAD
    0x0800ccd8   0x0800ccd8   0x000000e8   Code   RO         4853    i.USB_SetTurnaroundTime  stm32f4xx_ll_usb.o
    0x0800cdc0   0x0800cdc0   0x00000044   Code   RO         4856    i.USB_WritePacket   stm32f4xx_ll_usb.o
    0x0800ce04   0x0800ce04   0x00000004   Code   RO          876    i.UsageFault_Handler  stm32f4xx_it.o
    0x0800ce08   0x0800ce08   0x00000040   Code   RO         7206    i.Verify_CRC16_Check_Sum  algorithmofcrc.o
    0x0800ce48   0x0800ce48   0x00000016   Code   RO         7970    i.ZLA_ConfigHeartbeat  zla_motor.o
    0x0800ce5e   0x0800ce5e   0x00000002   PAD
    0x0800ce60   0x0800ce60   0x00000090   Code   RO         7971    i.ZLA_ConfigureTPDO1_606C_Timed  zla_motor.o
    0x0800cef0   0x0800cef0   0x00000050   Code   RO         7973    i.ZLA_EnableMotor   zla_motor.o
    0x0800cf40   0x0800cf40   0x0000004c   Code   RO         7976    i.ZLA_FullInit_VelocityMode  zla_motor.o
    0x0800cf8c   0x0800cf8c   0x0000004c   Code   RO         7984    i.ZLA_Motor_Init    zla_motor.o
    0x0800cfd8   0x0800cfd8   0x00000092   Code   RO         7985    i.ZLA_Motor_ProcessRx  zla_motor.o
    0x0800d06a   0x0800d06a   0x00000028   Code   RO         7988    i.ZLA_NMT_SendCommand  zla_motor.o
    0x0800d092   0x0800d092   0x0000000e   Code   RO         7989    i.ZLA_NMT_Start     zla_motor.o
    0x0800d0a0   0x0800d0a0   0x00000066   Code   RO         7995    i.ZLA_SDO_Write16   zla_motor.o
    0x0800d106   0x0800d106   0x00000068   Code   RO         7996    i.ZLA_SDO_Write32   zla_motor.o
    0x0800d16e   0x0800d16e   0x00000062   Code   RO         7997    i.ZLA_SDO_Write8    zla_motor.o
    0x0800d1d0   0x0800d1d0   0x00000020   Code   RO         8001    i.ZLA_SetOperationMode  zla_motor.o
    0x0800d1f0   0x0800d1f0   0x00000026   Code   RO        10351    i.__ARM_fpclassifyf  m_wm.l(fpclassifyf.o)
    0x0800d216   0x0800d216   0x00000002   PAD
    0x0800d218   0x0800d218   0x00000010   Code   RO         2074    i.__NVIC_GetPriorityGrouping  stm32f4xx_hal_cortex.o
    0x0800d228   0x0800d228   0x00000028   Code   RO         2075    i.__NVIC_SetPriority  stm32f4xx_hal_cortex.o
    0x0800d250   0x0800d250   0x00000118   Code   RO        10163    i.__hardfp_acosf    m_wm.l(acosf.o)
    0x0800d368   0x0800d368   0x0000012c   Code   RO        10175    i.__hardfp_asinf    m_wm.l(asinf.o)
    0x0800d494   0x0800d494   0x000002ac   Code   RO        10187    i.__hardfp_atan2f   m_wm.l(atan2f.o)
    0x0800d740   0x0800d740   0x00000664   Code   RO        10217    i.__hardfp_powf     m_wm.l(powf.o)
    0x0800dda4   0x0800dda4   0x0000009a   Code   RO        10243    i.__hardfp_roundf   m_wm.l(roundf.o)
    0x0800de3e   0x0800de3e   0x0000003a   Code   RO        10231    i.__hardfp_sqrtf    m_wm.l(sqrtf.o)
    0x0800de78   0x0800de78   0x00000014   Code   RO        10353    i.__mathlib_flt_divzero  m_wm.l(funder.o)
    0x0800de8c   0x0800de8c   0x00000006   Code   RO        10354    i.__mathlib_flt_infnan  m_wm.l(funder.o)
    0x0800de92   0x0800de92   0x00000006   Code   RO        10355    i.__mathlib_flt_infnan2  m_wm.l(funder.o)
    0x0800de98   0x0800de98   0x00000010   Code   RO        10356    i.__mathlib_flt_invalid  m_wm.l(funder.o)
    0x0800dea8   0x0800dea8   0x00000010   Code   RO        10357    i.__mathlib_flt_overflow  m_wm.l(funder.o)
    0x0800deb8   0x0800deb8   0x00000010   Code   RO        10359    i.__mathlib_flt_underflow  m_wm.l(funder.o)
    0x0800dec8   0x0800dec8   0x00000068   Code   RO         6984    i.aRGB_led_show     bsp_led.o
    0x0800df30   0x0800df30   0x0000016c   Code   RO         9183    i.bmi088_accel_init  bmi088driver.o
    0x0800e09c   0x0800e09c   0x00000130   Code   RO         9184    i.bmi088_gyro_init  bmi088driver.o
    0x0800e1cc   0x0800e1cc   0x000000d0   Code   RO         6654    i.can_filter_init   bsp_can.o
    0x0800e29c   0x0800e29c   0x000000c8   Code   RO         7411    i.f_Changing_Integration_Rate  pid.o
    0x0800e364   0x0800e364   0x00000042   Code   RO         7412    i.f_Derivative_Filter  pid.o
    0x0800e3a6   0x0800e3a6   0x000000ca   Code   RO         7413    i.f_Derivative_On_Measurement  pid.o
    0x0800e470   0x0800e470   0x000000d4   Code   RO         7414    i.f_Integral_Limit  pid.o
    0x0800e544   0x0800e544   0x00000042   Code   RO         7415    i.f_Output_Filter   pid.o
    0x0800e586   0x0800e586   0x0000003e   Code   RO         7416    i.f_Output_Limit    pid.o
    0x0800e5c4   0x0800e5c4   0x000000a4   Code   RO         7417    i.f_PID_ErrorHandle  pid.o
    0x0800e668   0x0800e668   0x0000003e   Code   RO         7418    i.f_Proportion_Limit  pid.o
    0x0800e6a6   0x0800e6a6   0x00000066   Code   RO         7419    i.f_Trapezoid_Intergral  pid.o
    0x0800e70c   0x0800e70c   0x00000048   Code   RO         9548    i.float_rounding    tools.o
    0x0800e754   0x0800e754   0x0000003c   Code   RO         7538    i.invSqrt           quaternionekf.o
    0x0800e790   0x0800e790   0x000001bc   Code   RO         9761    i.led_RGB_flow_task  led_flow_task.o
    0x0800e94c   0x0800e94c   0x00000014   Code   RO           17    i.main              main.o
    0x0800e960   0x0800e960   0x0000000e   Code   RO         6143    i.makeFreeRtosPriority  cmsis_os.o
    0x0800e96e   0x0800e96e   0x00000018   Code   RO         6145    i.osDelay           cmsis_os.o
    0x0800e986   0x0800e986   0x0000000a   Code   RO         6148    i.osKernelStart     cmsis_os.o
    0x0800e990   0x0800e990   0x0000005e   Code   RO         6182    i.osThreadCreate    cmsis_os.o
    0x0800e9ee   0x0800e9ee   0x00000002   PAD
    0x0800e9f0   0x0800e9f0   0x000000a4   Code   RO         5641    i.prvAddCurrentTaskToDelayedList  tasks.o
    0x0800ea94   0x0800ea94   0x000000b4   Code   RO         5642    i.prvAddNewTaskToReadyList  tasks.o
    0x0800eb48   0x0800eb48   0x00000074   Code   RO         5990    i.prvCheckForValidListAndQueue  timers.o
    0x0800ebbc   0x0800ebbc   0x00000048   Code   RO         5643    i.prvCheckTasksWaitingTermination  tasks.o
    0x0800ec04   0x0800ec04   0x0000002a   Code   RO         5297    i.prvCopyDataFromQueue  queue.o
    0x0800ec2e   0x0800ec2e   0x0000007c   Code   RO         5298    i.prvCopyDataToQueue  queue.o
    0x0800ecaa   0x0800ecaa   0x00000050   Code   RO         5644    i.prvDeleteTCB      tasks.o
    0x0800ecfa   0x0800ecfa   0x00000002   PAD
    0x0800ecfc   0x0800ecfc   0x00000028   Code   RO         5991    i.prvGetNextExpireTime  timers.o
    0x0800ed24   0x0800ed24   0x0000007c   Code   RO         6522    i.prvHeapInit       heap_4.o
    0x0800eda0   0x0800eda0   0x00000028   Code   RO         5645    i.prvIdleTask       tasks.o
    0x0800edc8   0x0800edc8   0x00000026   Code   RO         5301    i.prvInitialiseNewQueue  queue.o
    0x0800edee   0x0800edee   0x000000b8   Code   RO         5646    i.prvInitialiseNewTask  tasks.o
    0x0800eea6   0x0800eea6   0x00000002   PAD
    0x0800eea8   0x0800eea8   0x00000068   Code   RO         5647    i.prvInitialiseTaskLists  tasks.o
    0x0800ef10   0x0800ef10   0x00000068   Code   RO         6523    i.prvInsertBlockIntoFreeList  heap_4.o
    0x0800ef78   0x0800ef78   0x00000058   Code   RO         5993    i.prvInsertTimerInActiveList  timers.o
    0x0800efd0   0x0800efd0   0x0000001a   Code   RO         5302    i.prvIsQueueEmpty   queue.o
    0x0800efea   0x0800efea   0x0000001e   Code   RO         5303    i.prvIsQueueFull    queue.o
    0x0800f008   0x0800f008   0x00000064   Code   RO         5994    i.prvProcessExpiredTimer  timers.o
    0x0800f06c   0x0800f06c   0x00000128   Code   RO         5995    i.prvProcessReceivedCommands  timers.o
    0x0800f194   0x0800f194   0x00000074   Code   RO         5996    i.prvProcessTimerOrBlockTask  timers.o
    0x0800f208   0x0800f208   0x00000034   Code   RO         5648    i.prvResetNextTaskUnblockTime  tasks.o
    0x0800f23c   0x0800f23c   0x0000002c   Code   RO         5997    i.prvSampleTimeNow  timers.o
    0x0800f268   0x0800f268   0x000000a0   Code   RO         5998    i.prvSwitchTimerLists  timers.o
    0x0800f308   0x0800f308   0x00000016   Code   RO         5650    i.prvTaskCheckFreeStackSpace  tasks.o
    0x0800f31e   0x0800f31e   0x00000002   PAD
    0x0800f320   0x0800f320   0x00000040   Code   RO         6572    i.prvTaskExitError  port.o
    0x0800f360   0x0800f360   0x0000001a   Code   RO         5999    i.prvTimerTask      timers.o
    0x0800f37a   0x0800f37a   0x0000007e   Code   RO         5304    i.prvUnlockQueue    queue.o
    0x0800f3f8   0x0800f3f8   0x0000013c   Code   RO         6524    i.pvPortMalloc      heap_4.o
    0x0800f534   0x0800f534   0x0000002c   Code   RO         6573    i.pxPortInitialiseStack  port.o
    0x0800f560   0x0800f560   0x0000003e   Code   RO        10233    i.sqrtf             m_wm.l(sqrtf.o)
    0x0800f59e   0x0800f59e   0x00000002   PAD
    0x0800f5a0   0x0800f5a0   0x0000018c   Code   RO         9797    i.test_task         testtask.o
    0x0800f72c   0x0800f72c   0x00000028   Code   RO         5257    i.uxListRemove      list.o
    0x0800f754   0x0800f754   0x00000028   Code   RO         5655    i.uxTaskGetStackHighWaterMark  tasks.o
    0x0800f77c   0x0800f77c   0x00000018   Code   RO          406    i.vApplicationGetIdleTaskMemory  freertos.o
    0x0800f794   0x0800f794   0x00000018   Code   RO          407    i.vApplicationGetTimerTaskMemory  freertos.o
    0x0800f7ac   0x0800f7ac   0x0000001a   Code   RO         5258    i.vListInitialise   list.o
    0x0800f7c6   0x0800f7c6   0x00000006   Code   RO         5259    i.vListInitialiseItem  list.o
    0x0800f7cc   0x0800f7cc   0x00000034   Code   RO         5260    i.vListInsert       list.o
    0x0800f800   0x0800f800   0x00000018   Code   RO         5261    i.vListInsertEnd    list.o
    0x0800f818   0x0800f818   0x00000054   Code   RO         6575    i.vPortEnterCritical  port.o
    0x0800f86c   0x0800f86c   0x0000003c   Code   RO         6576    i.vPortExitCritical  port.o
    0x0800f8a8   0x0800f8a8   0x00000094   Code   RO         6525    i.vPortFree         heap_4.o
    0x0800f93c   0x0800f93c   0x00000028   Code   RO         6577    i.vPortSetupTimerInterrupt  port.o
    0x0800f964   0x0800f964   0x00000078   Code   RO         6578    i.vPortValidateInterruptPriority  port.o
    0x0800f9dc   0x0800f9dc   0x0000002c   Code   RO         5308    i.vQueueAddToRegistry  queue.o
    0x0800fa08   0x0800fa08   0x0000004a   Code   RO         5311    i.vQueueWaitForMessageRestricted  queue.o
    0x0800fa52   0x0800fa52   0x00000002   PAD
    0x0800fa54   0x0800fa54   0x0000005c   Code   RO         5659    i.vTaskDelay        tasks.o
    0x0800fab0   0x0800fab0   0x000000d4   Code   RO         5660    i.vTaskDelayUntil   tasks.o
    0x0800fb84   0x0800fb84   0x00000018   Code   RO         5663    i.vTaskInternalSetTimeOutState  tasks.o
    0x0800fb9c   0x0800fb9c   0x0000000c   Code   RO         5664    i.vTaskMissedYield  tasks.o
    0x0800fba8   0x0800fba8   0x00000038   Code   RO         5666    i.vTaskPlaceOnEventList  tasks.o
    0x0800fbe0   0x0800fbe0   0x00000040   Code   RO         5667    i.vTaskPlaceOnEventListRestricted  tasks.o
    0x0800fc20   0x0800fc20   0x000000b8   Code   RO         5674    i.vTaskStartScheduler  tasks.o
    0x0800fcd8   0x0800fcd8   0x00000010   Code   RO         5676    i.vTaskSuspendAll   tasks.o
    0x0800fce8   0x0800fce8   0x0000008c   Code   RO         5677    i.vTaskSwitchContext  tasks.o
    0x0800fd74   0x0800fd74   0x00000168   Code   RO         6579    i.xPortStartScheduler  port.o
    0x0800fedc   0x0800fedc   0x00000034   Code   RO         6580    i.xPortSysTickHandler  port.o
    0x0800ff10   0x0800ff10   0x000000de   Code   RO         5315    i.xQueueGenericCreateStatic  queue.o
    0x0800ffee   0x0800ffee   0x00000002   PAD
    0x0800fff0   0x0800fff0   0x00000098   Code   RO         5316    i.xQueueGenericReset  queue.o
    0x08010088   0x08010088   0x000001a8   Code   RO         5317    i.xQueueGenericSend  queue.o
    0x08010230   0x08010230   0x000000f8   Code   RO         5318    i.xQueueGenericSendFromISR  queue.o
    0x08010328   0x08010328   0x00000168   Code   RO         5326    i.xQueueReceive     queue.o
    0x08010490   0x08010490   0x000000a8   Code   RO         5679    i.xTaskCheckForTimeOut  tasks.o
    0x08010538   0x08010538   0x00000064   Code   RO         5680    i.xTaskCreate       tasks.o
    0x0801059c   0x0801059c   0x000000b8   Code   RO         5681    i.xTaskCreateStatic  tasks.o
    0x08010654   0x08010654   0x00000020   Code   RO         5686    i.xTaskGetSchedulerState  tasks.o
    0x08010674   0x08010674   0x0000000c   Code   RO         5687    i.xTaskGetTickCount  tasks.o
    0x08010680   0x08010680   0x00000148   Code   RO         5689    i.xTaskIncrementTick  tasks.o
    0x080107c8   0x080107c8   0x000000c8   Code   RO         5692    i.xTaskPriorityDisinherit  tasks.o
    0x08010890   0x08010890   0x00000098   Code   RO         5694    i.xTaskRemoveFromEventList  tasks.o
    0x08010928   0x08010928   0x00000104   Code   RO         5695    i.xTaskResumeAll    tasks.o
    0x08010a2c   0x08010a2c   0x00000078   Code   RO         6004    i.xTimerCreateTimerTask  timers.o
    0x08010aa4   0x08010aa4   0x00000084   Code   RO         6005    i.xTimerGenericCommand  timers.o
    0x08010b28   0x08010b28   0x00000032   Code   RO         8009    i.zla_can_send      zla_motor.o
    0x08010b5a   0x08010b5a   0x00000062   Code   RO         8010    i.zla_wait_sdo_response  zla_motor.o
    0x08010bbc   0x08010bbc   0x00000060   Code   RO        10161    x$fpl$ffltll        fz_wm.l(ffltll_clz.o)
    0x08010c1c   0x08010c1c   0x0000008c   Code   RO        10340    x$fpl$fnaninf       fz_wm.l(fnaninf.o)
    0x08010ca8   0x08010ca8   0x0000000a   Code   RO        10411    x$fpl$fpinit        fz_wm.l(fpinit.o)
    0x08010cb2   0x08010cb2   0x00000002   PAD
    0x08010cb4   0x08010cb4   0x00000060   Code   RO        10346    x$fpl$frnd          fz_wm.l(frnd.o)
    0x08010d14   0x08010d14   0x00000000   Code   RO        10350    x$fpl$usenofp       fz_wm.l(usenofp.o)
    0x08010d14   0x08010d14   0x00000054   Data   RO          409    .constdata          freertos.o
    0x08010d68   0x08010d68   0x00000008   Data   RO         1791    .constdata          stm32f4xx_hal_dma.o
    0x08010d70   0x08010d70   0x00000018   Data   RO         5121    .constdata          system_stm32f4xx.o
    0x08010d88   0x08010d88   0x00000301   Data   RO         7208    .constdata          algorithmofcrc.o
    0x08011089   0x08011089   0x00000003   PAD
    0x0801108c   0x0801108c   0x00000090   Data   RO         7540    .constdata          quaternionekf.o
    0x0801111c   0x0801111c   0x00000030   Data   RO         9637    .constdata          ins_task.o
    0x0801114c   0x0801114c   0x00000410   Data   RO         9871    .constdata          arm_cortexM4lf_math.lib(arm_cos_f32.o)
    0x0801155c   0x0801155c   0x0000040c   Data   RO         9918    .constdata          arm_cortexM4lf_math.lib(arm_sin_f32.o)
    0x08011968   0x08011968   0x00000140   Data   RO        10220    .constdata          m_wm.l(powf.o)
    0x08011aa8   0x08011aa8   0x00000015   Data   RO          410    .conststring        freertos.o
    0x08011abd   0x08011abd   0x00000003   PAD
    0x08011ac0   0x08011ac0   0x00000020   Data   RO        10502    Region$$Table       anon$$obj.o


    Execution Region RW_IRAM1 (Exec base: 0x20000000, Load base: 0x08011ae0, Size: 0x0000fca0, Max: 0x00020000, ABSOLUTE, COMPRESSED[0x00000178])

    Exec Addr    Load Addr    Size         Type   Attr      Idx    E Section Name        Object

    0x20000000   COMPRESSED   0x0000001c   Data   RW          411    .data               freertos.o
    0x2000001c   COMPRESSED   0x00000004   Data   RW          534    .data               can.o
    0x20000020   COMPRESSED   0x00000009   Data   RW         2223    .data               stm32f4xx_hal.o
    0x20000029   COMPRESSED   0x00000003   PAD
    0x2000002c   COMPRESSED   0x00000004   Data   RW         5122    .data               system_stm32f4xx.o
    0x20000030   COMPRESSED   0x0000003c   Data   RW         5698    .data               tasks.o
    0x2000006c   COMPRESSED   0x00000014   Data   RW         6013    .data               timers.o
    0x20000080   COMPRESSED   0x00000018   Data   RW         6530    .data               heap_4.o
    0x20000098   COMPRESSED   0x0000000c   Data   RW         6581    .data               port.o
    0x200000a4   COMPRESSED   0x00000004   PAD
    0x200000a8   COMPRESSED   0x00000038   Data   RW         6916    .data               bsp_dwt.o
    0x200000e0   COMPRESSED   0x00000008   Data   RW         6985    .data               bsp_led.o
    0x200000e8   COMPRESSED   0x00000004   Data   RW         7209    .data               algorithmofcrc.o
    0x200000ec   COMPRESSED   0x00000004   Data   RW         7290    .data               kalman_filter.o
    0x200000f0   COMPRESSED   0x00000254   Data   RW         7420    .data               pid.o
    0x20000344   COMPRESSED   0x000000d4   Data   RW         7541    .data               quaternionekf.o
    0x20000418   COMPRESSED   0x0000000c   Data   RW         7775    .data               user_lib.o
    0x20000424   COMPRESSED   0x00000004   Data   RW         8246    .data               kinematics.o
    0x20000428   COMPRESSED   0x0000008a   Data   RW         8309    .data               usbd_cdc.o
    0x200004b2   COMPRESSED   0x00000001   Data   RW         8589    .data               usbd_ctlreq.o
    0x200004b3   COMPRESSED   0x00000001   PAD
    0x200004b4   COMPRESSED   0x00000014   Data   RW         8775    .data               usbd_cdc_if.o
    0x200004c8   COMPRESSED   0x0000004e   Data   RW         9055    .data               usbd_desc.o
    0x20000516   COMPRESSED   0x00000002   PAD
    0x20000518   COMPRESSED   0x00000004   Data   RW         9127    .data               bmi088middleware.o
    0x2000051c   COMPRESSED   0x00000048   Data   RW         9186    .data               bmi088driver.o
    0x20000564   COMPRESSED   0x00000008   Data   RW         9549    .data               tools.o
    0x2000056c   COMPRESSED   0x00000054   Data   RW         9638    .data               ins_task.o
    0x200005c0   COMPRESSED   0x00000020   Data   RW         9762    .data               led_flow_task.o
    0x200005e0   COMPRESSED   0x00000014   Data   RW         9799    .data               testtask.o
    0x200005f4        -       0x000006a8   Zero   RW          408    .bss                freertos.o
    0x20000c9c        -       0x00000050   Zero   RW          533    .bss                can.o
    0x20000cec        -       0x000000a8   Zero   RW          606    .bss                i2c.o
    0x20000d94        -       0x00000118   Zero   RW          653    .bss                spi.o
    0x20000eac        -       0x00000180   Zero   RW          703    .bss                tim.o
    0x2000102c        -       0x00000120   Zero   RW          789    .bss                usart.o
    0x2000114c        -       0x00000040   Zero   RW         5329    .bss                queue.o
    0x2000118c        -       0x000000f0   Zero   RW         5697    .bss                tasks.o
    0x2000127c        -       0x00000110   Zero   RW         6012    .bss                timers.o
    0x2000138c        -       0x00006000   Zero   RW         6529    .bss                heap_4.o
    0x2000738c   COMPRESSED   0x00000004   PAD
    0x20007390        -       0x00000018   Zero   RW         6915    .bss                bsp_dwt.o
    0x200073a8        -       0x00000030   Zero   RW         7141    .bss                pc_serial.o
    0x200073d8        -       0x00000270   Zero   RW         7539    .bss                quaternionekf.o
    0x20007648        -       0x00000020   Zero   RW         8269    .bss                robot_config.o
    0x20007668        -       0x000002dc   Zero   RW         8738    .bss                usb_device.o
    0x20007944        -       0x0000100d   Zero   RW         8774    .bss                usbd_cdc_if.o
    0x20008951   COMPRESSED   0x00000003   PAD
    0x20008954        -       0x0000072c   Zero   RW         8869    .bss                usbd_conf.o
    0x20009080        -       0x00000200   Zero   RW         9054    .bss                usbd_desc.o
    0x20009280        -       0x00000040   Zero   RW         9185    .bss                bmi088driver.o
    0x200092c0        -       0x00000108   Zero   RW         9515    .bss                debug.o
    0x200093c8        -       0x00004fd0   Zero   RW         9636    .bss                ins_task.o
    0x2000e398        -       0x000000a8   Zero   RW         9798    .bss                testtask.o
    0x2000e440        -       0x00000060   Zero   RW        10370    .bss                c_w.l(libspace.o)
    0x2000e4a0        -       0x00001200   Zero   RW            2    HEAP                startup_stm32f407xx.o
    0x2000f6a0        -       0x00000600   Zero   RW            1    STACK               startup_stm32f407xx.o


==============================================================================

Image component sizes


      Code (inc. data)   RO Data    RW Data    ZI Data      Debug   Object Name

       116         10        769          4          0       2320   algorithmofcrc.o
      2890        182          0         72         64      10221   bmi088driver.o
       116         30          0          4          0       3276   bmi088middleware.o
       344         38          0          0          0     572590   bsp_can.o
       692        120          0         56         24       5159   bsp_dwt.o
       104         22          0          8          0        584   bsp_led.o
        58          0          0          0          0        898   bsp_pwm.o
       560         44          0          4         80       2390   can.o
       142          0          0          0          0      21919   cmsis_os.o
        54          0          0          0        264       2257   debug.o
       120          6          0          0          0        786   dma.o
         0          0          0          0          0      17792   event_groups.o
       144         36        105         28       1704      10949   freertos.o
       564         32          0          0          0       1259   gpio.o
       692         62          0         24      24576       4731   heap_4.o
       464         48          0          0        168       2306   i2c.o
      4224        292         48         84      20432      13372   ins_task.o
      3160         26          0          4          0       9023   kalman_filter.o
       394         20          0          4          0       2666   kinematics.o
       444         12          0         32          0       1652   led_flow_task.o
       148          0          0          0          0       3530   list.o
       330         20          0          0          0     773987   main.o
        64         14          0          0         48       2625   pc_serial.o
      1930         36          0        596          0      10295   pid.o
      1014         92          0         12          0      11965   port.o
      4156        234        144        212        624      10244   quaternionekf.o
      1910         20          0          0         64      14528   queue.o
       104         20          0          0         32       1334   robot_config.o
       416         38          0          0        280       1863   spi.o
        64         26        392          0       6144        836   startup_stm32f407xx.o
       212         36          0          9          0       4509   stm32f4xx_hal.o
      2134          6          0          0          0      13599   stm32f4xx_hal_can.o
       304         22          0          0          0      34407   stm32f4xx_hal_cortex.o
       498         10          8          0          0       3386   stm32f4xx_hal_dma.o
       554         50          0          0          0       3488   stm32f4xx_hal_gpio.o
       440         18          0          0          0       2019   stm32f4xx_hal_i2c.o
        84          6          0          0          0        838   stm32f4xx_hal_msp.o
      3604         16          0          0          0      13716   stm32f4xx_hal_pcd.o
        90          0          0          0          0       2405   stm32f4xx_hal_pcd_ex.o
      1732         84          0          0          0       5484   stm32f4xx_hal_rcc.o
       970          8          0          0          0       4473   stm32f4xx_hal_spi.o
      1740         90          0          0          0      14195   stm32f4xx_hal_tim.o
       200          0          0          0          0       2084   stm32f4xx_hal_tim_ex.o
      1674         12          0          0          0       6563   stm32f4xx_hal_uart.o
       236         54          0          0          0      10837   stm32f4xx_it.o
      4246         98          0          0          0      23455   stm32f4xx_ll_usb.o
         0          0          0          0          0        388   stream_buffer.o
       100         18         24          4          0       1131   system_stm32f4xx.o
      3174        372          0         60        240      26902   tasks.o
       396         38          0         20        168       2049   testtask.o
      1920        146          0          0        384       7045   tim.o
      1238        124          0         20        272      26947   timers.o
        72         10          0          8          0        597   tools.o
       728         74          0          0        288       4428   usart.o
        76         16          0          0        732        756   usb_device.o
      1690         48          0        138          0      11695   usbd_cdc.o
       168         20          0         20       4109       3521   usbd_cdc_if.o
      1004         24          0          0       1836      16996   usbd_conf.o
      1346          0          0          0          0      14493   usbd_core.o
      2342         30          0          1          0      16308   usbd_ctlreq.o
       386        122          0         78        512       6677   usbd_desc.o
       174          0          0          0          0       4060   usbd_ioreq.o
       536         12          0         12          0       3550   user_lib.o
      1082          4          0          0          0      11225   zla_motor.o

    ----------------------------------------------------------------------
     60640       3048       1528       1524      63052    1821583   Object Totals
         0          0         32          0          0          0   (incl. Generated)
        72          0          6         10          7          0   (incl. Padding)

    ----------------------------------------------------------------------

      Code (inc. data)   RO Data    RW Data    ZI Data      Debug   Library Member Name

       216         22       1040          0          0      16570   arm_cos_f32.o
       256          0          0          0          0       1426   arm_mat_add_f32.o
         8          0          0          0          0        779   arm_mat_init_f32.o
      1280         10          0          0          0       2726   arm_mat_inverse_f32.o
       248          6          0          0          0       1371   arm_mat_mult_f32.o
       256          0          0          0          0       1426   arm_mat_sub_f32.o
       152          0          0          0          0       1172   arm_mat_trans_f32.o
       216         22       1036          0          0       1382   arm_sin_f32.o
        90          0          0          0          0          0   __dczerorl2.o
         8          0          0          0          0         68   __main.o
         0          0          0          0          0          0   __rtentry.o
        12          0          0          0          0          0   __rtentry2.o
         6          0          0          0          0          0   __rtentry4.o
        52          8          0          0          0          0   __scatter.o
        28          0          0          0          0          0   __scatter_zi.o
        22          0          0          0          0        100   _rserrno.o
        16          0          0          0          0         68   aeabi_memset.o
        10          0          0          0          0         68   defsig_exit.o
        50          0          0          0          0         88   defsig_general.o
        80         58          0          0          0         76   defsig_rtmem_inner.o
        14          0          0          0          0         80   defsig_rtmem_outer.o
        18          0          0          0          0         80   exit.o
        94          0          0          0          0         80   h1_alloc.o
        52          0          0          0          0         68   h1_extend.o
        78          0          0          0          0         80   h1_free.o
        14          0          0          0          0         84   h1_init.o
         6          0          0          0          0        152   heapauxi.o
         4          0          0          0          0        136   hguard.o
         0          0          0          0          0          0   indicate_semi.o
       138          0          0          0          0        168   init_alloc.o
         2          0          0          0          0          0   libinit.o
        14          0          0          0          0          0   libinit2.o
         2          0          0          0          0          0   libshutdown.o
         2          0          0          0          0          0   libshutdown2.o
         8          4          0          0         96         68   libspace.o
       238          0          0          0          0        100   lludivv7m.o
         0          0          0          0          0          0   maybetermalloc1.o
         8          4          0          0          0         68   rt_errno_addr_intlibspace.o
         8          4          0          0          0         68   rt_heap_descriptor_intlibspace.o
        68          0          0          0          0         68   rt_memclr.o
        78          0          0          0          0         80   rt_memclr_w.o
       138          0          0          0          0         68   rt_memcpy_v6.o
       100          0          0          0          0         80   rt_memcpy_w.o
         2          0          0          0          0          0   rtexit.o
        10          0          0          0          0          0   rtexit2.o
        12          4          0          0          0         68   sys_exit.o
        74          0          0          0          0         80   sys_stackheap_outer.o
        14          0          0          0          0         76   sys_wrch.o
         2          0          0          0          0         68   use_no_semi.o
        96          0          0          0          0        132   ffltll_clz.o
       140          4          0          0          0        132   fnaninf.o
        10          0          0          0          0        116   fpinit.o
        96          4          0          0          0        124   frnd.o
         0          0          0          0          0          0   usenofp.o
       280         46          0          0          0        176   acosf.o
       300         42          0          0          0        176   asinf.o
       684         90          0          0          0        208   atan2f.o
        38          0          0          0          0        116   fpclassifyf.o
        80         24          0          0          0        696   funder.o
      1636        110        320          0          0        372   powf.o
       154          0          0          0          0        140   roundf.o
       120          0          0          0          0        272   sqrtf.o

    ----------------------------------------------------------------------
      7852        462       2396          0         96      31800   Library Totals
        14          0          0          0          0          0   (incl. Padding)

    ----------------------------------------------------------------------

      Code (inc. data)   RO Data    RW Data    ZI Data      Debug   Library Name

      2632         60       2076          0          0      26852   arm_cortexM4lf_math.lib
      1572         82          0          0         96       2288   c_w.l
       342          8          0          0          0        504   fz_wm.l
      3292        312        320          0          0       2156   m_wm.l

    ----------------------------------------------------------------------
      7852        462       2396          0         96      31800   Library Totals

    ----------------------------------------------------------------------

==============================================================================


      Code (inc. data)   RO Data    RW Data    ZI Data      Debug   

     68492       3510       3924       1524      63148    1806135   Grand Totals
     68492       3510       3924        376      63148    1806135   ELF Image Totals (compressed)
     68492       3510       3924        376          0          0   ROM Totals

==============================================================================

    Total RO  Size (Code + RO Data)                72416 (  70.72kB)
    Total RW  Size (RW Data + ZI Data)             64672 (  63.16kB)
    Total ROM Size (Code + RO Data + RW Data)      72792 (  71.09kB)

==============================================================================

